
Discarded input sections

 .data          0x00000000        0x0 build/obj/crt0_v7m.o
 .bss           0x00000000        0x0 build/obj/crt0_v7m.o
 .data          0x00000000        0x0 build/obj/chcoreasm_v7m.o
 .bss           0x00000000        0x0 build/obj/chcoreasm_v7m.o
 .text          0x00000000        0x0 build/obj/crt1.o
 .data          0x00000000        0x0 build/obj/crt1.o
 .bss           0x00000000        0x0 build/obj/crt1.o
 .text.__early_init
                0x00000000       0x10 build/obj/crt1.o
 .text          0x00000000        0x0 build/obj/vectors.o
 .data          0x00000000        0x0 build/obj/vectors.o
 .bss           0x00000000        0x0 build/obj/vectors.o
 .text          0x00000000        0x0 build/obj/chsys.o
 .data          0x00000000        0x0 build/obj/chsys.o
 .bss           0x00000000        0x0 build/obj/chsys.o
 .text.chSysHalt
                0x00000000       0x10 build/obj/chsys.o
 .text.chSysIntegrityCheckI
                0x00000000       0xc0 build/obj/chsys.o
 .text.chSysGetStatusAndLockX
                0x00000000       0x20 build/obj/chsys.o
 .text.chSysRestoreStatusX
                0x00000000       0x20 build/obj/chsys.o
 .text.chSysIsCounterWithinX
                0x00000000       0x10 build/obj/chsys.o
 .text.chSysPolledDelayX
                0x00000000       0x20 build/obj/chsys.o
 .text          0x00000000        0x0 build/obj/chdebug.o
 .data          0x00000000        0x0 build/obj/chdebug.o
 .bss           0x00000000        0x0 build/obj/chdebug.o
 .debug_info    0x00000000      0x5d6 build/obj/chdebug.o
 .debug_abbrev  0x00000000      0x118 build/obj/chdebug.o
 .debug_aranges
                0x00000000       0x18 build/obj/chdebug.o
 .debug_line    0x00000000      0x102 build/obj/chdebug.o
 .debug_str     0x00000000      0x4e8 build/obj/chdebug.o
 .comment       0x00000000       0x1e build/obj/chdebug.o
 .note.GNU-stack
                0x00000000        0x0 build/obj/chdebug.o
 .ARM.attributes
                0x00000000       0x33 build/obj/chdebug.o
 .text          0x00000000        0x0 build/obj/chvt.o
 .data          0x00000000        0x0 build/obj/chvt.o
 .bss           0x00000000        0x0 build/obj/chvt.o
 .text          0x00000000        0x0 build/obj/chschd.o
 .data          0x00000000        0x0 build/obj/chschd.o
 .bss           0x00000000        0x0 build/obj/chschd.o
 .text.chSchRescheduleS
                0x00000000       0x20 build/obj/chschd.o
 .text          0x00000000        0x0 build/obj/chthreads.o
 .data          0x00000000        0x0 build/obj/chthreads.o
 .bss           0x00000000        0x0 build/obj/chthreads.o
 .text.chThdCreateI
                0x00000000       0x70 build/obj/chthreads.o
 .text.chThdStart
                0x00000000       0x20 build/obj/chthreads.o
 .text.chThdSetPriority
                0x00000000       0x30 build/obj/chthreads.o
 .text.chThdTerminate
                0x00000000       0x20 build/obj/chthreads.o
 .text.chThdSleepUntil
                0x00000000       0x30 build/obj/chthreads.o
 .text.chThdSleepUntilWindowed
                0x00000000       0x30 build/obj/chthreads.o
 .text.chThdYield
                0x00000000       0x30 build/obj/chthreads.o
 .text.chThdWait
                0x00000000       0x40 build/obj/chthreads.o
 .text.chThdSuspendS
                0x00000000       0x20 build/obj/chthreads.o
 .text.chThdSuspendTimeoutS
                0x00000000       0x20 build/obj/chthreads.o
 .text.chThdResumeI
                0x00000000       0x20 build/obj/chthreads.o
 .text.chThdResumeS
                0x00000000       0x10 build/obj/chthreads.o
 .text.chThdResume
                0x00000000       0x30 build/obj/chthreads.o
 .text.chThdDequeueAllI
                0x00000000       0x30 build/obj/chthreads.o
 .text          0x00000000        0x0 build/obj/chdynamic.o
 .data          0x00000000        0x0 build/obj/chdynamic.o
 .bss           0x00000000        0x0 build/obj/chdynamic.o
 .text.chThdAddRef
                0x00000000       0x20 build/obj/chdynamic.o
 .text.chThdRelease
                0x00000000       0x60 build/obj/chdynamic.o
 .text.chThdCreateFromHeap
                0x00000000       0x40 build/obj/chdynamic.o
 .text.chThdCreateFromMemoryPool
                0x00000000       0x50 build/obj/chdynamic.o
 .debug_info    0x00000000      0xd2b build/obj/chdynamic.o
 .debug_abbrev  0x00000000      0x304 build/obj/chdynamic.o
 .debug_loc     0x00000000      0x249 build/obj/chdynamic.o
 .debug_aranges
                0x00000000       0x38 build/obj/chdynamic.o
 .debug_ranges  0x00000000       0x28 build/obj/chdynamic.o
 .debug_line    0x00000000      0x28d build/obj/chdynamic.o
 .debug_str     0x00000000      0x686 build/obj/chdynamic.o
 .comment       0x00000000       0x1e build/obj/chdynamic.o
 .note.GNU-stack
                0x00000000        0x0 build/obj/chdynamic.o
 .debug_frame   0x00000000       0x90 build/obj/chdynamic.o
 .ARM.attributes
[...]
Memory Configuration

Name             Origin             Length             Attributes
flash0           0x00000000         0x00000100
flashcfg         0x00000400         0x00000010
flash            0x00000410         0x0001fbf0
ram0             0x1fffe000         0x00004000
ram1             0x00000000         0x00000000
ram2             0x00000000         0x00000000
ram3             0x00000000         0x00000000
ram4             0x00000000         0x00000000
ram5             0x00000000         0x00000000
ram6             0x00000000         0x00000000
ram7             0x00000000         0x00000000
*default*        0x00000000         0xffffffff

Linker script and memory map

LOAD build/obj/crt0_v7m.o
LOAD build/obj/chcoreasm_v7m.o
LOAD build/obj/crt1.o
LOAD build/obj/vectors.o
LOAD build/obj/chsys.o
LOAD build/obj/chdebug.o
LOAD build/obj/chvt.o
LOAD build/obj/chschd.o
LOAD build/obj/chthreads.o
LOAD build/obj/chdynamic.o
LOAD build/obj/chregistry.o
LOAD build/obj/chsem.o
LOAD build/obj/chmtx.o
LOAD build/obj/chcond.o
LOAD build/obj/chevents.o
LOAD build/obj/chmsg.o
LOAD build/obj/chmboxes.o
LOAD build/obj/chqueues.o
LOAD build/obj/chmemcore.o
LOAD build/obj/chheap.o
LOAD build/obj/chmempools.o
LOAD build/obj/chcore.o
LOAD build/obj/chcore_v7m.o
LOAD build/obj/osal.o
LOAD build/obj/hal.o
LOAD build/obj/st.o
LOAD build/obj/hal_buffers.o
LOAD build/obj/hal_queues.o
LOAD build/obj/hal_mmcsd.o
LOAD build/obj/ext.o
LOAD build/obj/pal.o
LOAD build/obj/serial.o
LOAD build/obj/nvic.o
LOAD build/obj/hal_lld.o
LOAD build/obj/pal_lld.o
LOAD build/obj/serial_lld.o
LOAD build/obj/spi_lld.o
LOAD build/obj/i2c_lld.o
LOAD build/obj/ext_lld.o
LOAD build/obj/adc_lld.o
LOAD build/obj/gpt_lld.o
LOAD build/obj/st_lld.o
LOAD build/obj/board.o
LOAD build/obj/test.o
LOAD build/obj/testthd.o
LOAD build/obj/testsem.o
LOAD build/obj/testmtx.o
LOAD build/obj/testmsg.o
LOAD build/obj/testmbox.o
LOAD build/obj/testevt.o
LOAD build/obj/testheap.o
LOAD build/obj/testpools.o
LOAD build/obj/testdyn.o
LOAD build/obj/testqueues.o
LOAD build/obj/testsys.o
LOAD build/obj/testbmk.o
LOAD build/obj/main.o
LOAD build/obj/orchard-vectors.o
LOAD build/obj/orchard-shell.o
LOAD build/obj/gitversion.o
LOAD build/obj/chprintf.o
LOAD build/obj/memstreams.o
LOAD build/obj/shell.o
LOAD build/obj/FlashInit.o
LOAD build/obj/FlashProgram.o
LOAD build/obj/FlashProgramCheck.o
LOAD build/obj/FlashProgramOnce.o
LOAD build/obj/FlashProgramSection.o
LOAD build/obj/FlashReadOnce.o
LOAD build/obj/FlashReadResource.o
LOAD build/obj/FlashVerifyBlock.o
LOAD build/obj/FlashVerifyAllBlock.o
LOAD build/obj/FlashVerifySection.o
LOAD build/obj/FlashEraseAllBlock.o
LOAD build/obj/FlashEraseBlock.o
LOAD build/obj/FlashEraseResume.o
LOAD build/obj/FlashEraseSector.o
LOAD build/obj/FlashEraseSuspend.o
LOAD build/obj/FlashGetSecurityState.o
LOAD build/obj/FlashSecurityBypass.o
LOAD build/obj/FlashCheckSum.o
LOAD build/obj/FlashCommandSequence.o
LOAD build/obj/PFlashGetProtection.o
LOAD build/obj/PFlashSetProtection.o
LOAD build/obj/CopyToRam.o
                0x1fffe000                __ram0_start__ = ORIGIN (ram0)
                0x00004000                __ram0_size__ = 0x4000
                0x20002000                __ram0_end__ = (__ram0_start__ + __ram0_size__)
                0x00000000                __ram1_start__ = ORIGIN (ram1)
                0x00000000                __ram1_size__ = 0x0
                0x00000000                __ram1_end__ = (__ram1_start__ + __ram1_size__)
                0x00000000                __ram2_start__ = ORIGIN (ram2)
                0x00000000                __ram2_size__ = 0x0
                0x00000000                __ram2_end__ = (__ram2_start__ + __ram2_size__)
                0x00000000                __ram3_start__ = ORIGIN (ram3)
                0x00000000                __ram3_size__ = 0x0
                0x00000000                __ram3_end__ = (__ram3_start__ + __ram3_size__)
                0x00000000                __ram4_start__ = ORIGIN (ram4)
                0x00000000                __ram4_size__ = 0x0
                0x00000000                __ram4_end__ = (__ram4_start__ + __ram4_size__)
                0x00000000                __ram5_start__ = ORIGIN (ram5)
                0x00000000                __ram5_size__ = 0x0
                0x00000000                __ram5_end__ = (__ram5_start__ + __ram5_size__)
                0x00000000                __ram6_start__ = ORIGIN (ram6)
                0x00000000                __ram6_size__ = 0x0
                0x00000000                __ram6_end__ = (__ram6_start__ + __ram6_size__)
                0x00000000                __ram7_start__ = ORIGIN (ram7)
                0x00000000                __ram7_size__ = 0x0
                0x00000000                __ram7_end__ = (__ram7_start__ + __ram7_size__)
                0x00000000                . = 0x0

startup         0x00000000      0x100
 *(.vectors)
 .vectors       0x00000000      0x100 build/obj/vectors.o
                0x00000000                _vectors

.cfmprotect     0x00000400       0x10
 *(.cfmconfig)
 .cfmconfig     0x00000400       0x10 build/obj/hal_lld.o
                0x00000400                _cfm
                0x00000410                _text = .

constructors    0x00000410        0x0
                0x00000410                __init_array_start = .
 *(SORT(.init_array.*))
 *(.init_array)
                0x00000410                __init_array_end = .

destructors     0x00000410        0x0
                0x00000410                __fini_array_start = .
 *(.fini_array)
 *(SORT(.fini_array.*))
                0x00000410                __fini_array_end = .

commands        0x00000410        0x8
 *(SORT(.chibi_list*))
 .chibi_list_cmd_1
                0x00000410        0x0 build/obj/orchard-shell.o
 .chibi_list_cmd_3_end
                0x00000410        0x8 build/obj/orchard-shell.o
                0x00000410                _orchard_cmd_list__func

.text           0x00000420     0x1d68
 *(.text)
 .text          0x00000420       0xc4 build/obj/crt0_v7m.o
                0x00000420                Reset_Handler
 *fill*         0x000004e4        0xc 
 .text          0x000004f0       0x28 build/obj/chcoreasm_v7m.o
                0x000004f0                _port_switch
                0x00000500                _port_thread_start
                0x00000510                _port_switch_from_isr
                0x00000514                _port_exit_from_isr
 *(.text.*)
 *fill*         0x00000518        0x8 
 .text.__core_init
                0x00000520       0x10 build/obj/crt1.o
                0x00000520                __core_init
 .text.__late_init
                0x00000530       0x10 build/obj/crt1.o
                0x00000530                __late_init
 .text.__default_exit
                0x00000540       0x10 build/obj/crt1.o
                0x00000540                __default_exit
 .text.__init_ram_areas
                0x00000550       0x50 build/obj/crt1.o
                0x00000550                __init_ram_areas
 .text._unhandled_exception
                0x000005a0       0x10 build/obj/vectors.o
                0x000005a0                Vector58
                0x000005a0                Vector9C
                0x000005a0                VectorAC
                0x000005a0                DebugMon_Handler
                0x000005a0                Vector5C
                0x000005a0                Vector8C
                0x000005a0                VectorDC
                0x000005a0                PendSV_Handler
                0x000005a0                NMI_Handler
                0x000005a0                VectorC8
                0x000005a0                Vector94
                0x000005a0                VectorA8
                0x000005a0                VectorB4
                0x000005a0                Vector74
                0x000005a0                Vector40
                0x000005a0                VectorF8
                0x000005a0                VectorBC
                0x000005a0                Vector64
                0x000005a0                VectorCC
                0x000005a0                Vector54
                0x000005a0                Vector98
                0x000005a0                VectorD8
                0x000005a0                Vector24
                0x000005a0                Vector84
                0x000005a0                VectorD0
                0x000005a0                VectorC0
                0x000005a0                VectorF4
                0x000005a0                Vector6C
                0x000005a0                VectorA0
                0x000005a0                VectorC4
                0x000005a0                Vector7C
                0x000005a0                VectorB0
                0x000005a0                Vector90
                0x000005a0                Vector60
                0x000005a0                Vector1C
                0x000005a0                Vector48
                0x000005a0                Vector70
                0x000005a0                VectorD4
                0x000005a0                Vector4C
                0x000005a0                Vector68
                0x000005a0                Vector78
                0x000005a0                _unhandled_exception
                0x000005a0                Vector88
                0x000005a0                Vector50
                0x000005a0                Vector44
                0x000005a0                Vector28
                0x000005a0                VectorB8
                0x000005a0                VectorFC
                0x000005a0                Vector34
                0x000005a0                VectorA4
                0x000005a0                Vector20
 .text._idle_thread
                0x000005b0       0x10 build/obj/chsys.o
 .text.chSysInit
                0x000005c0       0xa0 build/obj/chsys.o
                0x000005c0                chSysInit
 .text.chSysTimerHandlerI
                0x00000660       0x50 build/obj/chsys.o
                0x00000660                chSysTimerHandlerI
 .text._vt_init
                0x000006b0       0x20 build/obj/chvt.o
                0x000006b0                _vt_init
 .text.chVTDoSetI
                0x000006d0       0x40 build/obj/chvt.o
                0x000006d0                chVTDoSetI
 .text.chVTDoResetI
                0x00000710       0x30 build/obj/chvt.o
                0x00000710                chVTDoResetI
 .text.wakeup   0x00000740       0x70 build/obj/chschd.o
 .text._scheduler_init
                0x000007b0       0x20 build/obj/chschd.o
                0x000007b0                _scheduler_init
 .text.chSchReadyI
                0x000007d0       0x30 build/obj/chschd.o
                0x000007d0                chSchReadyI
 .text.chSchGoSleepS
                0x00000800       0x30 build/obj/chschd.o
                0x00000800                chSchGoSleepS
 .text.chSchGoSleepTimeoutS
                0x00000830       0x50 build/obj/chschd.o
                0x00000830                chSchGoSleepTimeoutS
 .text.chSchWakeupS
                0x00000880       0x60 build/obj/chschd.o
                0x00000880                chSchWakeupS
 .text.chSchIsPreemptionRequired
                0x000008e0       0x30 build/obj/chschd.o
                0x000008e0                chSchIsPreemptionRequired
 .text.chSchDoRescheduleBehind
                0x00000910       0x40 build/obj/chschd.o
                0x00000910                chSchDoRescheduleBehind
 .text.chSchDoRescheduleAhead
                0x00000950       0x40 build/obj/chschd.o
                0x00000950                chSchDoRescheduleAhead
 .text.chSchDoReschedule
                0x00000990       0x20 build/obj/chschd.o
                0x00000990                chSchDoReschedule
 .text._thread_init
                0x000009b0       0x50 build/obj/chthreads.o
                0x000009b0                _thread_init
 .text.chThdCreateStatic
                0x00000a00       0x80 build/obj/chthreads.o
                0x00000a00                chThdCreateStatic
 .text.chThdSleep
                0x00000a80       0x20 build/obj/chthreads.o
                0x00000a80                chThdSleep
 .text.chThdExitS
                0x00000aa0       0x40 build/obj/chthreads.o
                0x00000aa0                chThdExitS
 .text.chThdExit
                0x00000ae0       0x10 build/obj/chthreads.o
                0x00000ae0                chThdExit
 .text.chThdEnqueueTimeoutS
                0x00000af0       0x30 build/obj/chthreads.o
                0x00000af0                chThdEnqueueTimeoutS
 .text.chThdDequeueNextI
                0x00000b20       0x20 build/obj/chthreads.o
                0x00000b20                chThdDequeueNextI
 .text.chMtxObjectInit
                0x00000b40       0x10 build/obj/chmtx.o
                0x00000b40                chMtxObjectInit
 .text.chEvtSignalI
                0x00000b50       0x30 build/obj/chevents.o
                0x00000b50                chEvtSignalI
 .text.chEvtBroadcastFlagsI
                0x00000b80       0x30 build/obj/chevents.o
                0x00000b80                chEvtBroadcastFlagsI
 .text.chIQObjectInit
                0x00000bb0       0x20 build/obj/chqueues.o
                0x00000bb0                chIQObjectInit
 .text.chIQPutI
                0x00000bd0       0x40 build/obj/chqueues.o
                0x00000bd0                chIQPutI
 .text.chIQGetTimeout
                0x00000c10       0x50 build/obj/chqueues.o
                0x00000c10                chIQGetTimeout
 .text.chIQReadTimeout
                0x00000c60       0x80 build/obj/chqueues.o
                0x00000c60                chIQReadTimeout
 .text.chOQObjectInit
                0x00000ce0       0x20 build/obj/chqueues.o
                0x00000ce0                chOQObjectInit
 .text.chOQPutTimeout
                0x00000d00       0x60 build/obj/chqueues.o
                0x00000d00                chOQPutTimeout
 .text.chOQGetI
                0x00000d60       0x40 build/obj/chqueues.o
                0x00000d60                chOQGetI
 .text.chOQWriteTimeout
                0x00000da0       0x90 build/obj/chqueues.o
                0x00000da0                chOQWriteTimeout
 .text._core_init
                0x00000e30       0x30 build/obj/chmemcore.o
                0x00000e30                _core_init
 .text.chCoreAlloc
                0x00000e60       0x40 build/obj/chmemcore.o
                0x00000e60                chCoreAlloc
 .text.chCoreGetStatusX
                0x00000ea0       0x20 build/obj/chmemcore.o
                0x00000ea0                chCoreGetStatusX
 .text._heap_init
                0x00000ec0       0x20 build/obj/chheap.o
                0x00000ec0                _heap_init
 .text.SVC_Handler
                0x00000ee0       0x20 build/obj/chcore_v7m.o
                0x00000ee0                SVC_Handler
 .text._port_irq_epilogue
                0x00000f00       0x50 build/obj/chcore_v7m.o
                0x00000f00                _port_irq_epilogue
 .text.halInit  0x00000f50       0x30 build/obj/hal.o
                0x00000f50                halInit
 .text.stInit   0x00000f80       0x10 build/obj/st.o
                0x00000f80                stInit
 .text.extInit  0x00000f90       0x10 build/obj/ext.o
                0x00000f90                extInit
 .text.extObjectInit
                0x00000fa0       0x10 build/obj/ext.o
                0x00000fa0                extObjectInit
 .text.extStart
                0x00000fb0       0x20 build/obj/ext.o
                0x00000fb0                extStart
 .text.readt    0x00000fd0       0x10 build/obj/serial.o
 .text.read     0x00000fe0       0x10 build/obj/serial.o
 .text.writet   0x00000ff0       0x10 build/obj/serial.o
 .text.write    0x00001000       0x10 build/obj/serial.o
 .text.gett     0x00001010       0x10 build/obj/serial.o
 .text.get      0x00001020       0x10 build/obj/serial.o
 .text.putt     0x00001030       0x10 build/obj/serial.o
 .text.put      0x00001040       0x10 build/obj/serial.o
 .text.sdInit   0x00001050       0x10 build/obj/serial.o
                0x00001050                sdInit
 .text.sdObjectInit
                0x00001060       0x40 build/obj/serial.o
                0x00001060                sdObjectInit
 .text.sdStart  0x000010a0       0x20 build/obj/serial.o
                0x000010a0                sdStart
 .text.nvicEnableVector
                0x000010c0       0x40 build/obj/nvic.o
                0x000010c0                nvicEnableVector
 .text.nvicSetSystemHandlerPriority
                0x00001100       0x10 build/obj/nvic.o
                0x00001100                nvicSetSystemHandlerPriority
 .text.hal_lld_init
                0x00001110       0x10 build/obj/hal_lld.o
                0x00001110                hal_lld_init
 .text.mk20d50_clock_init
                0x00001120      0x100 build/obj/hal_lld.o
                0x00001120                mk20d50_clock_init
 .text._pal_lld_setpadmode
                0x00001220      0x110 build/obj/pal_lld.o
                0x00001220                _pal_lld_setpadmode
 .text._pal_lld_init
                0x00001330       0x40 build/obj/pal_lld.o
                0x00001330                _pal_lld_init
 .text.notify1  0x00001370       0x40 build/obj/serial_lld.o
 .text.Vector80
                0x000013b0       0xa0 build/obj/serial_lld.o
                0x000013b0                Vector80
 .text.sd_lld_init
                0x00001450       0x20 build/obj/serial_lld.o
                0x00001450                sd_lld_init
 .text.sd_lld_start
                0x00001470       0x90 build/obj/serial_lld.o
                0x00001470                sd_lld_start
 .text.VectorE0
                0x00001500       0x60 build/obj/ext_lld.o
                0x00001500                VectorE0
 .text.VectorE4
                0x00001560       0x60 build/obj/ext_lld.o
                0x00001560                VectorE4
 .text.VectorE8
                0x000015c0       0x60 build/obj/ext_lld.o
                0x000015c0                VectorE8
 .text.VectorEC
                0x00001620       0x60 build/obj/ext_lld.o
                0x00001620                VectorEC
 .text.VectorF0
                0x00001680       0x60 build/obj/ext_lld.o
                0x00001680                VectorF0
 .text.ext_lld_init
                0x000016e0       0x10 build/obj/ext_lld.o
                0x000016e0                ext_lld_init
 .text.ext_lld_channel_enable
                0x000016f0       0x40 build/obj/ext_lld.o
                0x000016f0                ext_lld_channel_enable
 .text.ext_lld_start
                0x00001730       0xe0 build/obj/ext_lld.o
                0x00001730                ext_lld_start
 .text.SysTick_Handler
                0x00001810       0x20 build/obj/st_lld.o
                0x00001810                SysTick_Handler
 .text.st_lld_init
                0x00001830       0x20 build/obj/st_lld.o
                0x00001830                st_lld_init
 .text.__early_init
                0x00001850       0x10 build/obj/board.o
                0x00001850                __early_init
 .text.boardInit
                0x00001860       0x10 build/obj/board.o
                0x00001860                boardInit
 .text.extcb1   0x00001870       0x10 build/obj/main.o
 .text.startup.main
                0x00001880       0xb0 build/obj/main.o
                0x00001880                main
 .text.HardFault_Handler
                0x00001930       0x20 build/obj/orchard-vectors.o
                0x00001930                HardFault_Handler
 .text.MemManage_Handler
                0x00001950       0x10 build/obj/orchard-vectors.o
                0x00001950                MemManage_Handler
 .text.BusFault_Handler
                0x00001960       0x10 build/obj/orchard-vectors.o
                0x00001960                BusFault_Handler
 .text.UsageFault_Handler
                0x00001970       0x10 build/obj/orchard-vectors.o
                0x00001970                UsageFault_Handler
 .text.orchardShellInit
                0x00001980       0x30 build/obj/orchard-shell.o
                0x00001980                orchardShellInit
 .text.long_to_string_with_divisor.constprop.0
                0x000019b0       0x50 build/obj/chprintf.o
 .text.chvprintf
                0x00001a00      0x310 build/obj/chprintf.o
                0x00001a00                chvprintf
 .text.chprintf
                0x00001d10       0x20 build/obj/chprintf.o
                0x00001d10                chprintf
 .text.shellInit
                0x00001d30       0x10 build/obj/shell.o
                0x00001d30                shellInit
 *(.rodata)
 .rodata        0x00001d40       0x20 build/obj/hal_lld.o
 *(.rodata.*)
 .rodata.ram_areas
                0x00001d60       0x80 build/obj/crt1.o
 .rodata.str1.4
                0x00001de0        0x5 build/obj/chsys.o
                                  0x8 (size before relaxing)
 *fill*         0x00001de5        0xb 
 .rodata.ch_debug
                0x00001df0       0x18 build/obj/chregistry.o
                0x00001df0                ch_debug
 *fill*         0x00001e08        0x8 
 .rodata.vmt    0x00001e10       0x20 build/obj/serial.o
 .rodata.default_config
                0x00001e30        0x4 build/obj/serial_lld.o
 *fill*         0x00001e34        0xc 
 .rodata.pal_default_config
                0x00001e40      0x294 build/obj/board.o
                0x00001e40                pal_default_config
 *fill*         0x000020d4        0xc 
 .rodata.extcfg
                0x000020e0       0x10 build/obj/main.o
 .rodata.str1.4
                0x000020f0       0x4a build/obj/main.o
                                 0x4c (size before relaxing)
 *fill*         0x0000213a        0x6 
 .rodata.serialConfig
                0x00002140        0x4 build/obj/orchard-shell.o
 *fill*         0x00002144        0xc 
 .rodata.str1.4
                0x00002150       0x29 build/obj/gitversion.o
                                 0x2c (size before relaxing)
 *fill*         0x00002179        0x7 
 .rodata.str1.4
                0x00002180        0x8 build/obj/chprintf.o
 *(.glue_7t)
 .glue_7t       0x00002188        0x0 linker stubs
 *(.glue_7)
 .glue_7        0x00002188        0x0 linker stubs
 *(.gcc*)

.vfp11_veneer   0x00002188        0x0
 .vfp11_veneer  0x00002188        0x0 linker stubs

.v4_bx          0x00002188        0x0
 .v4_bx         0x00002188        0x0 linker stubs

.iplt           0x00002188        0x0
 .iplt          0x00002188        0x0 build/obj/crt0_v7m.o

.ARM.extab
 *(.ARM.extab* .gnu.linkonce.armextab.*)

.ARM.exidx      0x00002188        0x0
                0x00002188                __exidx_start = .
 *(.ARM.exidx* .gnu.linkonce.armexidx.*)
                0x00002188                __exidx_end = .

.eh_frame_hdr   0x00002188        0x0
 *(.eh_frame_hdr)
 .eh_frame_hdr  0x00002188        0x0 build/obj/CopyToRam.o

.eh_frame
 *(.eh_frame)

.textalign      0x00002188        0x0
                0x00002188                . = ALIGN (0x8)
                0x00002188                . = ALIGN (0x4)
                0x00002188                PROVIDE (_etext, .)

.mstack         0x1fffe000      0x400
                0x1fffe000                . = ALIGN (0x8)
                0x1fffe000                __main_stack_base__ = .
                0x1fffe400                . = (. + __main_stack_size__)
 *fill*         0x1fffe000      0x400 
                0x1fffe400                . = ALIGN (0x8)
                0x1fffe400                __main_stack_end__ = .

.pstack         0x1fffe400      0x200
                0x1fffe400                __process_stack_base__ = .
                0x1fffe400                __main_thread_stack_base__ = .
                0x1fffe600                . = (. + __process_stack_size__)
 *fill*         0x1fffe400      0x200 
                0x1fffe600                . = ALIGN (0x8)
                0x1fffe600                __process_stack_end__ = .
                0x1fffe600                __main_thread_stack_end__ = .

.data           0x1fffe600        0x4 load address 0x00002188
                0x1fffe600                . = ALIGN (0x4)
                0x00002188                PROVIDE (_textdata, LOADADDR (.data))
                0x1fffe600                PROVIDE (_data, .)
                0x00002188                _textdata_start = LOADADDR (.data)
                0x1fffe600                _data_start = .
 *(.data)
 *(.data.*)
 .data.gitversion
                0x1fffe600        0x4 build/obj/gitversion.o
                0x1fffe600                gitversion
 *(.ramtext)
                0x1fffe604                . = ALIGN (0x4)
                0x1fffe604                PROVIDE (_edata, .)
                0x1fffe604                _data_end = .

.igot.plt       0x1fffe604        0x0 load address 0x0000218c
 .igot.plt      0x1fffe604        0x0 build/obj/crt0_v7m.o

.bss            0x1fffe608      0x248 load address 0x0000218c
                0x1fffe608                . = ALIGN (0x4)
                0x1fffe608                _bss_start = .
 *(.bss)
 *(.bss.*)
 .bss.ch        0x1fffe608      0x150 build/obj/chschd.o
                0x1fffe608                ch
 .bss.endmem    0x1fffe758        0x4 build/obj/chmemcore.o
 .bss.nextmem   0x1fffe75c        0x4 build/obj/chmemcore.o
 .bss.default_heap
                0x1fffe760       0x20 build/obj/chheap.o
 .bss.SD1       0x1fffe780       0x78 build/obj/serial_lld.o
                0x1fffe780                SD1
 .bss.EXTD1     0x1fffe7f8        0x8 build/obj/ext_lld.o
                0x1fffe7f8                EXTD1
 .bss.porte_channel_map
                0x1fffe800        0x4 build/obj/ext_lld.o
                0x1fffe800                porte_channel_map
 .bss.portd_channel_map
                0x1fffe804        0x8 build/obj/ext_lld.o
                0x1fffe804                portd_channel_map
 .bss.portc_channel_map
                0x1fffe80c        0xc build/obj/ext_lld.o
                0x1fffe80c                portc_channel_map
 .bss.portb_channel_map
                0x1fffe818       0x14 build/obj/ext_lld.o
                0x1fffe818                portb_channel_map
 .bss.porta_channel_map
                0x1fffe82c       0x14 build/obj/ext_lld.o
                0x1fffe82c                porta_channel_map
 .bss.done_state
                0x1fffe840        0x1 build/obj/main.o
 *fill*         0x1fffe841        0x3 
 .bss.HARDFAULT_PSP
                0x1fffe844        0x4 build/obj/orchard-vectors.o
                0x1fffe844                HARDFAULT_PSP
 .bss.stream    0x1fffe848        0x4 build/obj/orchard-shell.o
                0x1fffe848                stream
 .bss.shell_terminated
                0x1fffe84c        0x4 build/obj/shell.o
                0x1fffe84c                shell_terminated
 *(COMMON)
                0x1fffe850                . = ALIGN (0x4)
                0x1fffe850                _bss_end = .
                0x1fffe850                PROVIDE (end, .)

.ram0_init      0x1fffe850        0x0 load address 0x0000218c
                0x1fffe850                . = ALIGN (0x4)
                0x0000218c                __ram0_init_text__ = LOADADDR (.ram0_init)
                0x1fffe850                __ram0_init__ = .
 *(.ram0_init)
 *(.ram0_init.*)
                0x1fffe850                . = ALIGN (0x4)

.ram0           0x1fffe850        0x0 load address 0x0000218c
                0x1fffe850                . = ALIGN (0x4)
                0x1fffe850                __ram0_clear__ = .
 *(.ram0_clear)
 *(.ram0_clear.*)
                0x1fffe850                . = ALIGN (0x4)
                0x1fffe850                __ram0_noinit__ = .
 *(.ram0)
 *(.ram0.*)
                0x1fffe850                . = ALIGN (0x4)
                0x1fffe850                __ram0_free__ = .

.ram1_init      0x00000000        0x0 load address 0x0000218c
                0x00000000                . = ALIGN (0x4)
                0x0000218c                __ram1_init_text__ = LOADADDR (.ram1_init)
                0x00000000                __ram1_init__ = .
 *(.ram1_init)
 *(.ram1_init.*)
                0x00000000                . = ALIGN (0x4)

.ram1           0x00000000        0x0 load address 0x0000218c
                0x00000000                . = ALIGN (0x4)
                0x00000000                __ram1_clear__ = .
 *(.ram1_clear)
 *(.ram1_clear.*)
                0x00000000                . = ALIGN (0x4)
                0x00000000                __ram1_noinit__ = .
 *(.ram1)
 *(.ram1.*)
                0x00000000                . = ALIGN (0x4)
                0x00000000                __ram1_free__ = .

.ram2_init      0x00000000        0x0 load address 0x0000218c
                0x00000000                . = ALIGN (0x4)
                0x0000218c                __ram2_init_text__ = LOADADDR (.ram2_init)
                0x00000000                __ram2_init__ = .
 *(.ram2_init)
 *(.ram2_init.*)
                0x00000000                . = ALIGN (0x4)

.ram2           0x00000000        0x0 load address 0x0000218c
                0x00000000                . = ALIGN (0x4)
                0x00000000                __ram2_clear__ = .
 *(.ram2_clear)
 *(.ram2_clear.*)
                0x00000000                . = ALIGN (0x4)
                0x00000000                __ram2_noinit__ = .
 *(.ram2)
 *(.ram2.*)
                0x00000000                . = ALIGN (0x4)
                0x00000000                __ram2_free__ = .

.ram3_init      0x00000000        0x0 load address 0x0000218c
                0x00000000                . = ALIGN (0x4)
                0x0000218c                __ram3_init_text__ = LOADADDR (.ram3_init)
                0x00000000                __ram3_init__ = .
 *(.ram3_init)
 *(.ram3_init.*)
                0x00000000                . = ALIGN (0x4)

.ram3           0x00000000        0x0 load address 0x0000218c
                0x00000000                . = ALIGN (0x4)
                0x00000000                __ram3_clear__ = .
 *(.ram3_clear)
 *(.ram3_clear.*)
                0x00000000                . = ALIGN (0x4)
                0x00000000                __ram3_noinit__ = .
 *(.ram3)
 *(.ram3.*)
                0x00000000                . = ALIGN (0x4)
                0x00000000                __ram3_free__ = .

.ram4_init      0x00000000        0x0 load address 0x0000218c
                0x00000000                . = ALIGN (0x4)
                0x0000218c                __ram4_init_text__ = LOADADDR (.ram4_init)
                0x00000000                __ram4_init__ = .
 *(.ram4_init)
 *(.ram4_init.*)
                0x00000000                . = ALIGN (0x4)

.ram4           0x00000000        0x0 load address 0x0000218c
                0x00000000                . = ALIGN (0x4)
                0x00000000                __ram4_clear__ = .
 *(.ram4_clear)
 *(.ram4_clear.*)
                0x00000000                . = ALIGN (0x4)
                0x00000000                __ram4_noinit__ = .
 *(.ram4)
 *(.ram4.*)
                0x00000000                . = ALIGN (0x4)
                0x00000000                __ram4_free__ = .

.ram5_init      0x00000000        0x0 load address 0x0000218c
                0x00000000                . = ALIGN (0x4)
                0x0000218c                __ram5_init_text__ = LOADADDR (.ram5_init)
                0x00000000                __ram5_init__ = .
 *(.ram5_init)
 *(.ram5_init.*)
                0x00000000                . = ALIGN (0x4)

.ram5           0x00000000        0x0 load address 0x0000218c
                0x00000000                . = ALIGN (0x4)
                0x00000000                __ram5_clear__ = .
 *(.ram5_clear)
 *(.ram5_clear.*)
                0x00000000                . = ALIGN (0x4)
                0x00000000                __ram5_noinit__ = .
 *(.ram5)
 *(.ram5.*)
                0x00000000                . = ALIGN (0x4)
                0x00000000                __ram5_free__ = .

.ram6_init      0x00000000        0x0 load address 0x0000218c
                0x00000000                . = ALIGN (0x4)
                0x0000218c                __ram6_init_text__ = LOADADDR (.ram6_init)
                0x00000000                __ram6_init__ = .
 *(.ram6_init)
 *(.ram6_init.*)
                0x00000000                . = ALIGN (0x4)

.ram6           0x00000000        0x0 load address 0x0000218c
                0x00000000                . = ALIGN (0x4)
                0x00000000                __ram6_clear__ = .
 *(.ram6_clear)
 *(.ram6_clear.*)
                0x00000000                . = ALIGN (0x4)
                0x00000000                __ram6_noinit__ = .
 *(.ram6)
 *(.ram6.*)
                0x00000000                . = ALIGN (0x4)
                0x00000000                __ram6_free__ = .

.ram7_init      0x00000000        0x0 load address 0x0000218c
                0x00000000                . = ALIGN (0x4)
                0x0000218c                __ram7_init_text__ = LOADADDR (.ram7_init)
                0x00000000                __ram7_init__ = .
 *(.ram7_init)
 *(.ram7_init.*)
                0x00000000                . = ALIGN (0x4)

.ram7           0x00000000        0x0 load address 0x0000218c
                0x00000000                . = ALIGN (0x4)
                0x00000000                __ram7_clear__ = .
 *(.ram7_clear)
 *(.ram7_clear.*)
                0x00000000                . = ALIGN (0x4)
                0x00000000                __ram7_noinit__ = .
 *(.ram7)
 *(.ram7.*)
                0x00000000                . = ALIGN (0x4)
                0x00000000                __ram7_free__ = .

.note.gnu.build-id
                0x0000218c       0x24
                0x0000218c                . = ALIGN (0x4)
                0x0000218c                PROVIDE (_note, .)
 *(.note.gnu.build-id)
 .note.gnu.build-id
                0x0000218c       0x24 linker stubs
                0x000021b0                . = ALIGN (0x4)
 *(.note.gnu.build-id.*)
                0x000021b0                . = ALIGN (0x4)
                0x000021b0                PROVIDE (_enote, .)

.rel.dyn        0x000021b0        0x0
 .rel.iplt      0x000021b0        0x0 build/obj/crt0_v7m.o

.heap           0x1fffe850     0x37b0
                0x1fffe850                . = ALIGN (0x8)
                0x1fffe850                __heap_base__ = .
                0x20002000                . = (ORIGIN (HEAP_RAM) + 0x4000)
 *fill*         0x1fffe850     0x37b0 
                0x20002000                __heap_end__ = .
                0x00000200                __process_stack_size__ = 0x200
                0x00000400                __main_stack_size__ = 0x400
OUTPUT(build/netvcr.elf elf32-littlearm)

.ARM.attributes
                0x00000000       0x2f
 .ARM.attributes
                0x00000000       0x21 build/obj/crt0_v7m.o
 .ARM.attributes
                0x00000021       0x21 build/obj/chcoreasm_v7m.o
 .ARM.attributes
                0x00000042       0x33 build/obj/crt1.o
 .ARM.attributes
                0x00000075       0x33 build/obj/vectors.o
 .ARM.attributes
                0x000000a8       0x33 build/obj/chsys.o
 .ARM.attributes
                0x000000db       0x33 build/obj/chvt.o
 .ARM.attributes
                0x0000010e       0x33 build/obj/chschd.o
 .ARM.attributes
                0x00000141       0x33 build/obj/chthreads.o
 .ARM.attributes
                0x00000174       0x33 build/obj/chregistry.o
 .ARM.attributes
                0x000001a7       0x33 build/obj/chmtx.o
 .ARM.attributes
                0x000001da       0x33 build/obj/chevents.o
 .ARM.attributes
                0x0000020d       0x33 build/obj/chqueues.o
 .ARM.attributes
                0x00000240       0x33 build/obj/chmemcore.o
 .ARM.attributes
                0x00000273       0x33 build/obj/chheap.o
 .ARM.attributes
                0x000002a6       0x33 build/obj/chcore_v7m.o
 .ARM.attributes
                0x000002d9       0x33 build/obj/hal.o
 .ARM.attributes
                0x0000030c       0x33 build/obj/st.o
 .ARM.attributes
                0x0000033f       0x33 build/obj/ext.o
 .ARM.attributes
                0x00000372       0x33 build/obj/serial.o
 .ARM.attributes
                0x000003a5       0x33 build/obj/nvic.o
 .ARM.attributes
                0x000003d8       0x33 build/obj/hal_lld.o
 .ARM.attributes
                0x0000040b       0x33 build/obj/pal_lld.o
 .ARM.attributes
                0x0000043e       0x33 build/obj/serial_lld.o
 .ARM.attributes
                0x00000471       0x33 build/obj/ext_lld.o
 .ARM.attributes
                0x000004a4       0x33 build/obj/st_lld.o
 .ARM.attributes
                0x000004d7       0x33 build/obj/board.o
 .ARM.attributes
                0x0000050a       0x33 build/obj/main.o
 .ARM.attributes
                0x0000053d       0x33 build/obj/orchard-vectors.o
 .ARM.attributes
                0x00000570       0x33 build/obj/orchard-shell.o
 .ARM.attributes
                0x000005a3       0x33 build/obj/gitversion.o
 .ARM.attributes
                0x000005d6       0x33 build/obj/chprintf.o
 .ARM.attributes
                0x00000609       0x33 build/obj/shell.o

.comment        0x00000000       0x1d
 .comment       0x00000000       0x1d build/obj/crt1.o
                                 0x1e (size before relaxing)
 .comment       0x0000001d       0x1e build/obj/vectors.o
 .comment       0x0000001d       0x1e build/obj/chsys.o
 .comment       0x0000001d       0x1e build/obj/chvt.o
 .comment       0x0000001d       0x1e build/obj/chschd.o
 .comment       0x0000001d       0x1e build/obj/chthreads.o
 .comment       0x0000001d       0x1e build/obj/chregistry.o
 .comment       0x0000001d       0x1e build/obj/chmtx.o
 .comment       0x0000001d       0x1e build/obj/chevents.o
 .comment       0x0000001d       0x1e build/obj/chqueues.o
 .comment       0x0000001d       0x1e build/obj/chmemcore.o
 .comment       0x0000001d       0x1e build/obj/chheap.o
 .comment       0x0000001d       0x1e build/obj/chcore_v7m.o
 .comment       0x0000001d       0x1e build/obj/hal.o
 .comment       0x0000001d       0x1e build/obj/st.o
 .comment       0x0000001d       0x1e build/obj/ext.o
 .comment       0x0000001d       0x1e build/obj/serial.o
 .comment       0x0000001d       0x1e build/obj/nvic.o
 .comment       0x0000001d       0x1e build/obj/hal_lld.o
 .comment       0x0000001d       0x1e build/obj/pal_lld.o
 .comment       0x0000001d       0x1e build/obj/serial_lld.o
 .comment       0x0000001d       0x1e build/obj/ext_lld.o
 .comment       0x0000001d       0x1e build/obj/st_lld.o
 .comment       0x0000001d       0x1e build/obj/board.o
 .comment       0x0000001d       0x1e build/obj/main.o
 .comment       0x0000001d       0x1e build/obj/orchard-vectors.o
 .comment       0x0000001d       0x1e build/obj/orchard-shell.o
 .comment       0x0000001d       0x1e build/obj/gitversion.o
 .comment       0x0000001d       0x1e build/obj/chprintf.o
 .comment       0x0000001d       0x1e build/obj/shell.o

.note.GNU-stack
                0x00000000        0x0
 .note.GNU-stack
                0x00000000        0x0 build/obj/crt1.o
 .note.GNU-stack
                0x00000000        0x0 build/obj/vectors.o
 .note.GNU-stack
                0x00000000        0x0 build/obj/chsys.o
 .note.GNU-stack
                0x00000000        0x0 build/obj/chvt.o
 .note.GNU-stack
                0x00000000        0x0 build/obj/chschd.o
 .note.GNU-stack
                0x00000000        0x0 build/obj/chthreads.o
 .note.GNU-stack
                0x00000000        0x0 build/obj/chregistry.o
 .note.GNU-stack
                0x00000000        0x0 build/obj/chmtx.o
 .note.GNU-stack
                0x00000000        0x0 build/obj/chevents.o
 .note.GNU-stack
                0x00000000        0x0 build/obj/chqueues.o
 .note.GNU-stack
                0x00000000        0x0 build/obj/chmemcore.o
 .note.GNU-stack
                0x00000000        0x0 build/obj/chheap.o
 .note.GNU-stack
                0x00000000        0x0 build/obj/chcore_v7m.o
 .note.GNU-stack
                0x00000000        0x0 build/obj/hal.o
 .note.GNU-stack
                0x00000000        0x0 build/obj/st.o
 .note.GNU-stack
                0x00000000        0x0 build/obj/ext.o
 .note.GNU-stack
                0x00000000        0x0 build/obj/serial.o
 .note.GNU-stack
                0x00000000        0x0 build/obj/nvic.o
 .note.GNU-stack
                0x00000000        0x0 build/obj/hal_lld.o
 .note.GNU-stack
                0x00000000        0x0 build/obj/pal_lld.o
 .note.GNU-stack
                0x00000000        0x0 build/obj/serial_lld.o
 .note.GNU-stack
                0x00000000        0x0 build/obj/ext_lld.o
 .note.GNU-stack
                0x00000000        0x0 build/obj/st_lld.o
 .note.GNU-stack
                0x00000000        0x0 build/obj/board.o
 .note.GNU-stack
                0x00000000        0x0 build/obj/main.o
 .note.GNU-stack
                0x00000000        0x0 build/obj/orchard-vectors.o
 .note.GNU-stack
                0x00000000        0x0 build/obj/orchard-shell.o
 .note.GNU-stack
                0x00000000        0x0 build/obj/gitversion.o
 .note.GNU-stack
                0x00000000        0x0 build/obj/chprintf.o
 .note.GNU-stack
                0x00000000        0x0 build/obj/shell.o

.debug_info     0x00000000    0x16fa1
 .debug_info    0x00000000      0x2f5 build/obj/crt1.o
 .debug_info    0x000002f5      0x1c3 build/obj/vectors.o
 .debug_info    0x000004b8     0x15c2 build/obj/chsys.o
 .debug_info    0x00001a7a      0x6ba build/obj/chvt.o
 .debug_info    0x00002134      0xd4a build/obj/chschd.o
 .debug_info    0x00002e7e     0x1a22 build/obj/chthreads.o
 .debug_info    0x000048a0      0x90e build/obj/chregistry.o
 .debug_info    0x000051ae      0xfa0 build/obj/chmtx.o
 .debug_info    0x0000614e     0x155e build/obj/chevents.o
 .debug_info    0x000076ac     0x10f9 build/obj/chqueues.o
 .debug_info    0x000087a5      0x804 build/obj/chmemcore.o
 .debug_info    0x00008fa9      0x968 build/obj/chheap.o
 .debug_info    0x00009911      0xa01 build/obj/chcore_v7m.o
 .debug_info    0x0000a312      0x77a build/obj/hal.o
 .debug_info    0x0000aa8c      0x70a build/obj/st.o
 .debug_info    0x0000b196      0xd3b build/obj/ext.o
 .debug_info    0x0000bed1     0x18d2 build/obj/serial.o
 .debug_info    0x0000d7a3      0x97a build/obj/nvic.o
 .debug_info    0x0000e11d      0xa46 build/obj/hal_lld.o
 .debug_info    0x0000eb63      0xa87 build/obj/pal_lld.o
 .debug_info    0x0000f5ea     0x16a1 build/obj/serial_lld.o
 .debug_info    0x00010c8b      0xfd9 build/obj/ext_lld.o
 .debug_info    0x00011c64      0x7e8 build/obj/st_lld.o
 .debug_info    0x0001244c      0x730 build/obj/board.o
 .debug_info    0x00012b7c      0xab1 build/obj/main.o
 .debug_info    0x0001362d      0x6ab build/obj/orchard-vectors.o
 .debug_info    0x00013cd8      0xeef build/obj/orchard-shell.o
 .debug_info    0x00014bc7       0x41 build/obj/gitversion.o
 .debug_info    0x00014c08      0xc0d build/obj/chprintf.o
 .debug_info    0x00015815     0x178c build/obj/shell.o

.debug_abbrev   0x00000000     0x4ea5
 .debug_abbrev  0x00000000       0xf7 build/obj/crt1.o
 .debug_abbrev  0x000000f7       0xc7 build/obj/vectors.o
 .debug_abbrev  0x000001be      0x4eb build/obj/chsys.o
 .debug_abbrev  0x000006a9      0x1a4 build/obj/chvt.o
 .debug_abbrev  0x0000084d      0x3d1 build/obj/chschd.o
 .debug_abbrev  0x00000c1e      0x468 build/obj/chthreads.o
 .debug_abbrev  0x00001086      0x238 build/obj/chregistry.o
 .debug_abbrev  0x000012be      0x3c5 build/obj/chmtx.o
 .debug_abbrev  0x00001683      0x3ab build/obj/chevents.o
 .debug_abbrev  0x00001a2e      0x3d3 build/obj/chqueues.o
 .debug_abbrev  0x00001e01      0x275 build/obj/chmemcore.o
 .debug_abbrev  0x00002076      0x292 build/obj/chheap.o
 .debug_abbrev  0x00002308      0x21d build/obj/chcore_v7m.o
 .debug_abbrev  0x00002525      0x1c7 build/obj/hal.o
 .debug_abbrev  0x000026ec      0x1e1 build/obj/st.o
 .debug_abbrev  0x000028cd      0x28c build/obj/ext.o
 .debug_abbrev  0x00002b59      0x41b build/obj/serial.o
 .debug_abbrev  0x00002f74      0x1ad build/obj/nvic.o
 .debug_abbrev  0x00003121      0x1f6 build/obj/hal_lld.o
 .debug_abbrev  0x00003317      0x225 build/obj/pal_lld.o
 .debug_abbrev  0x0000353c      0x400 build/obj/serial_lld.o
 .debug_abbrev  0x0000393c      0x37c build/obj/ext_lld.o
 .debug_abbrev  0x00003cb8      0x1fb build/obj/st_lld.o
 .debug_abbrev  0x00003eb3      0x1b2 build/obj/board.o
 .debug_abbrev  0x00004065      0x27c build/obj/main.o
 .debug_abbrev  0x000042e1      0x187 build/obj/orchard-vectors.o
 .debug_abbrev  0x00004468      0x261 build/obj/orchard-shell.o
 .debug_abbrev  0x000046c9       0x3c build/obj/gitversion.o
 .debug_abbrev  0x00004705      0x316 build/obj/chprintf.o
 .debug_abbrev  0x00004a1b      0x48a build/obj/shell.o

.debug_loc      0x00000000     0x4e81
 .debug_loc     0x00000000       0x90 build/obj/crt1.o
 .debug_loc     0x00000090      0x303 build/obj/chsys.o
 .debug_loc     0x00000393       0x9f build/obj/chvt.o
 .debug_loc     0x00000432      0x34e build/obj/chschd.o
 .debug_loc     0x00000780      0xa6c build/obj/chthreads.o
 .debug_loc     0x000011ec       0x3f build/obj/chregistry.o
 .debug_loc     0x0000122b      0x5d6 build/obj/chmtx.o
 .debug_loc     0x00001801      0x61d build/obj/chevents.o
 .debug_loc     0x00001e1e      0x653 build/obj/chqueues.o
 .debug_loc     0x00002471       0xb0 build/obj/chmemcore.o
 .debug_loc     0x00002521      0x370 build/obj/chheap.o
 .debug_loc     0x00002891       0xc1 build/obj/chcore_v7m.o
 .debug_loc     0x00002952      0x19e build/obj/ext.o
 .debug_loc     0x00002af0      0x6a2 build/obj/serial.o
 .debug_loc     0x00003192       0xee build/obj/nvic.o
 .debug_loc     0x00003280       0x49 build/obj/hal_lld.o
 .debug_loc     0x000032c9      0x26d build/obj/pal_lld.o
 .debug_loc     0x00003536      0x25a build/obj/serial_lld.o
 .debug_loc     0x00003790      0x670 build/obj/ext_lld.o
 .debug_loc     0x00003e00      0x92a build/obj/chprintf.o
 .debug_loc     0x0000472a      0x757 build/obj/shell.o

.debug_aranges  0x00000000      0x868
 .debug_aranges
                0x00000000       0x40 build/obj/crt1.o
 .debug_aranges
                0x00000040       0x20 build/obj/vectors.o
 .debug_aranges
                0x00000060       0x60 build/obj/chsys.o
 .debug_aranges
                0x000000c0       0x30 build/obj/chvt.o
 .debug_aranges
                0x000000f0       0x70 build/obj/chschd.o
 .debug_aranges
                0x00000160       0xc0 build/obj/chthreads.o
 .debug_aranges
                0x00000220       0x28 build/obj/chregistry.o
 .debug_aranges
                0x00000248       0x58 build/obj/chmtx.o
 .debug_aranges
                0x000002a0       0xa0 build/obj/chevents.o
 .debug_aranges
                0x00000340       0x68 build/obj/chqueues.o
 .debug_aranges
                0x000003a8       0x38 build/obj/chmemcore.o
 .debug_aranges
                0x000003e0       0x40 build/obj/chheap.o
 .debug_aranges
                0x00000420       0x28 build/obj/chcore_v7m.o
 .debug_aranges
                0x00000448       0x20 build/obj/hal.o
 .debug_aranges
                0x00000468       0x40 build/obj/st.o
 .debug_aranges
                0x000004a8       0x50 build/obj/ext.o
 .debug_aranges
                0x000004f8       0x98 build/obj/serial.o
 .debug_aranges
                0x00000590       0x38 build/obj/nvic.o
 .debug_aranges
                0x000005c8       0x28 build/obj/hal_lld.o
 .debug_aranges
                0x000005f0       0x40 build/obj/pal_lld.o
 .debug_aranges
                0x00000630       0x40 build/obj/serial_lld.o
 .debug_aranges
                0x00000670       0x68 build/obj/ext_lld.o
 .debug_aranges
                0x000006d8       0x28 build/obj/st_lld.o
 .debug_aranges
                0x00000700       0x28 build/obj/board.o
 .debug_aranges
                0x00000728       0x28 build/obj/main.o
 .debug_aranges
                0x00000750       0x40 build/obj/orchard-vectors.o
 .debug_aranges
                0x00000790       0x28 build/obj/orchard-shell.o
 .debug_aranges
                0x000007b8       0x18 build/obj/gitversion.o
 .debug_aranges
                0x000007d0       0x38 build/obj/chprintf.o
 .debug_aranges
                0x00000808       0x60 build/obj/shell.o

.debug_ranges   0x00000000     0x1070
 .debug_ranges  0x00000000       0x30 build/obj/crt1.o
 .debug_ranges  0x00000030       0x10 build/obj/vectors.o
 .debug_ranges  0x00000040      0x130 build/obj/chsys.o
 .debug_ranges  0x00000170       0x20 build/obj/chvt.o
 .debug_ranges  0x00000190      0x1c0 build/obj/chschd.o
 .debug_ranges  0x00000350      0x208 build/obj/chthreads.o
 .debug_ranges  0x00000558       0x18 build/obj/chregistry.o
 .debug_ranges  0x00000570      0x1a0 build/obj/chmtx.o
 .debug_ranges  0x00000710       0xd8 build/obj/chevents.o
 .debug_ranges  0x000007e8      0x160 build/obj/chqueues.o
 .debug_ranges  0x00000948       0x28 build/obj/chmemcore.o
 .debug_ranges  0x00000970       0x30 build/obj/chheap.o
 .debug_ranges  0x000009a0       0x18 build/obj/chcore_v7m.o
 .debug_ranges  0x000009b8       0x10 build/obj/hal.o
 .debug_ranges  0x000009c8       0x30 build/obj/st.o
 .debug_ranges  0x000009f8       0x70 build/obj/ext.o
 .debug_ranges  0x00000a68      0x100 build/obj/serial.o
 .debug_ranges  0x00000b68       0x28 build/obj/nvic.o
 .debug_ranges  0x00000b90       0x18 build/obj/hal_lld.o
 .debug_ranges  0x00000ba8       0x30 build/obj/pal_lld.o
 .debug_ranges  0x00000bd8       0xc8 build/obj/serial_lld.o
 .debug_ranges  0x00000ca0      0x1b8 build/obj/ext_lld.o
 .debug_ranges  0x00000e58       0x18 build/obj/st_lld.o
 .debug_ranges  0x00000e70       0x18 build/obj/board.o
 .debug_ranges  0x00000e88       0x18 build/obj/main.o
 .debug_ranges  0x00000ea0       0x30 build/obj/orchard-vectors.o
 .debug_ranges  0x00000ed0       0x18 build/obj/orchard-shell.o
 .debug_ranges  0x00000ee8       0x40 build/obj/chprintf.o
 .debug_ranges  0x00000f28      0x148 build/obj/shell.o

.debug_line     0x00000000     0x4c36
 .debug_line    0x00000000       0xf3 build/obj/crt1.o
 .debug_line    0x000000f3       0xb2 build/obj/vectors.o
 .debug_line    0x000001a5      0x3f2 build/obj/chsys.o
 .debug_line    0x00000597      0x187 build/obj/chvt.o
 .debug_line    0x0000071e      0x406 build/obj/chschd.o
 .debug_line    0x00000b24      0x5e7 build/obj/chthreads.o
 .debug_line    0x0000110b      0x1e9 build/obj/chregistry.o
 .debug_line    0x000012f4      0x3a6 build/obj/chmtx.o
 .debug_line    0x0000169a      0x435 build/obj/chevents.o
 .debug_line    0x00001acf      0x3ee build/obj/chqueues.o
 .debug_line    0x00001ebd      0x1e1 build/obj/chmemcore.o
 .debug_line    0x0000209e      0x248 build/obj/chheap.o
 .debug_line    0x000022e6      0x18b build/obj/chcore_v7m.o
 .debug_line    0x00002471      0x207 build/obj/hal.o
 .debug_line    0x00002678      0x192 build/obj/st.o
 .debug_line    0x0000280a      0x294 build/obj/ext.o
 .debug_line    0x00002a9e      0x3e3 build/obj/serial.o
 .debug_line    0x00002e81      0x180 build/obj/nvic.o
 .debug_line    0x00003001      0x206 build/obj/hal_lld.o
 .debug_line    0x00003207      0x230 build/obj/pal_lld.o
 .debug_line    0x00003437      0x349 build/obj/serial_lld.o
 .debug_line    0x00003780      0x36c build/obj/ext_lld.o
 .debug_line    0x00003aec      0x1c9 build/obj/st_lld.o
 .debug_line    0x00003cb5      0x1e1 build/obj/board.o
 .debug_line    0x00003e96      0x29f build/obj/main.o
 .debug_line    0x00004135      0x1c6 build/obj/orchard-vectors.o
 .debug_line    0x000042fb      0x257 build/obj/orchard-shell.o
 .debug_line    0x00004552       0x2d build/obj/gitversion.o
 .debug_line    0x0000457f      0x2e4 build/obj/chprintf.o
 .debug_line    0x00004863      0x3d3 build/obj/shell.o

.debug_str      0x00000000     0x28ba
 .debug_str     0x00000000      0x425 build/obj/crt1.o
                                0x45a (size before relaxing)
 .debug_str     0x00000425      0x154 build/obj/vectors.o
                                0x2f7 (size before relaxing)
 .debug_str     0x00000579      0xbd2 build/obj/chsys.o
                                0xdba (size before relaxing)
 .debug_str     0x0000114b       0x39 build/obj/chvt.o
                                0x522 (size before relaxing)
 .debug_str     0x00001184      0x134 build/obj/chschd.o
                                0x6cf (size before relaxing)
 .debug_str     0x000012b8      0x21c build/obj/chthreads.o
                                0x80b (size before relaxing)
 .debug_str     0x000014d4       0x3b build/obj/chregistry.o
                                0x661 (size before relaxing)
 .debug_str     0x0000150f       0xa3 build/obj/chmtx.o
                                0x630 (size before relaxing)
 .debug_str     0x000015b2      0x1ea build/obj/chevents.o
                                0x75d (size before relaxing)
 .debug_str     0x0000179c      0x16c build/obj/chqueues.o
                                0x6e8 (size before relaxing)
 .debug_str     0x00001908       0x6d build/obj/chmemcore.o
                                0x59e (size before relaxing)
 .debug_str     0x00001975       0xaf build/obj/chheap.o
                                0x5d6 (size before relaxing)
 .debug_str     0x00001a24       0x82 build/obj/chcore_v7m.o
                                0x62a (size before relaxing)
 .debug_str     0x00001aa6       0xd7 build/obj/hal.o
                                0x5ae (size before relaxing)
 .debug_str     0x00001b7d       0x9d build/obj/st.o
                                0x589 (size before relaxing)
 .debug_str     0x00001c1a      0x17c build/obj/ext.o
                                0x6cd (size before relaxing)
 .debug_str     0x00001d96      0x220 build/obj/serial.o
                                0x975 (size before relaxing)
 .debug_str     0x00001fb6       0x76 build/obj/nvic.o
                                0x61a (size before relaxing)
 .debug_str     0x0000202c      0x168 build/obj/hal_lld.o
                                0x6ac (size before relaxing)
 .debug_str     0x00002194       0x89 build/obj/pal_lld.o
                                0x6be (size before relaxing)
 .debug_str     0x0000221d       0x8a build/obj/serial_lld.o
                                0xcc1 (size before relaxing)
 .debug_str     0x000022a7      0x105 build/obj/ext_lld.o
                                0xa5f (size before relaxing)
 .debug_str     0x000023ac       0x62 build/obj/st_lld.o
                                0x62b (size before relaxing)
 .debug_str     0x0000240e       0x27 build/obj/board.o
                                0x5a6 (size before relaxing)
 .debug_str     0x00002435       0x7e build/obj/main.o
                                0x6b6 (size before relaxing)
 .debug_str     0x000024b3       0xa3 build/obj/orchard-vectors.o
                                0x58b (size before relaxing)
 .debug_str     0x00002556       0xf6 build/obj/orchard-shell.o
                                0x88c (size before relaxing)
 .debug_str     0x0000264c        0xd build/obj/gitversion.o
                                0x128 (size before relaxing)
 .debug_str     0x00002659      0x10a build/obj/chprintf.o
                                0x654 (size before relaxing)
 .debug_str     0x00002763      0x157 build/obj/shell.o
                                0x8a4 (size before relaxing)

.debug_frame    0x00000000     0x15ec
 .debug_frame   0x00000000       0x7c build/obj/crt1.o
 .debug_frame   0x0000007c       0x20 build/obj/vectors.o
 .debug_frame   0x0000009c       0xfc build/obj/chsys.o
 .debug_frame   0x00000198       0x68 build/obj/chvt.o
 .debug_frame   0x00000200      0x16c build/obj/chschd.o
 .debug_frame   0x0000036c      0x274 build/obj/chthreads.o
 .debug_frame   0x000005e0       0x3c build/obj/chregistry.o
 .debug_frame   0x0000061c       0xf8 build/obj/chmtx.o
 .debug_frame   0x00000714      0x1d8 build/obj/chevents.o
 .debug_frame   0x000008ec      0x16c build/obj/chqueues.o
 .debug_frame   0x00000a58       0x68 build/obj/chmemcore.o
 .debug_frame   0x00000ac0       0xc8 build/obj/chheap.o
 .debug_frame   0x00000b88       0x3c build/obj/chcore_v7m.o
 .debug_frame   0x00000bc4       0x30 build/obj/hal.o
 .debug_frame   0x00000bf4       0x60 build/obj/st.o
 .debug_frame   0x00000c54       0xc8 build/obj/ext.o
 .debug_frame   0x00000d1c      0x16c build/obj/serial.o
 .debug_frame   0x00000e88       0x68 build/obj/nvic.o
 .debug_frame   0x00000ef0       0x54 build/obj/hal_lld.o
 .debug_frame   0x00000f44       0xa8 build/obj/pal_lld.o
 .debug_frame   0x00000fec       0xdc build/obj/serial_lld.o
 .debug_frame   0x000010c8      0x18c build/obj/ext_lld.o
 .debug_frame   0x00001254       0x40 build/obj/st_lld.o
 .debug_frame   0x00001294       0x30 build/obj/board.o
 .debug_frame   0x000012c4       0x3c build/obj/main.o
 .debug_frame   0x00001300       0x6c build/obj/orchard-vectors.o
 .debug_frame   0x0000136c       0x50 build/obj/orchard-shell.o
 .debug_frame   0x000013bc      0x100 build/obj/chprintf.o
 .debug_frame   0x000014bc      0x130 build/obj/shell.o

Cross Reference Table

Symbol                                            File
BusFault_Handler                                  build/obj/orchard-vectors.o
                                                  build/obj/vectors.o
DebugMon_Handler                                  build/obj/vectors.o
EXTD1                                             build/obj/ext_lld.o
                                                  build/obj/main.o
FlashCheckSum                                     build/obj/FlashCheckSum.o
FlashCommandSequence                              build/obj/FlashCommandSequence.o
FlashEraseAllBlock                                build/obj/FlashEraseAllBlock.o
FlashEraseResume                                  build/obj/FlashEraseResume.o
FlashEraseSector                                  build/obj/FlashEraseSector.o
FlashEraseSuspend                                 build/obj/FlashEraseSuspend.o
FlashGetSecurityState                             build/obj/FlashGetSecurityState.o
FlashInit                                         build/obj/FlashInit.o
FlashProgram                                      build/obj/FlashProgram.o
FlashProgramCheck                                 build/obj/FlashProgramCheck.o
FlashProgramOnce                                  build/obj/FlashProgramOnce.o
FlashReadOnce                                     build/obj/FlashReadOnce.o
FlashReadResource                                 build/obj/FlashReadResource.o
FlashSecurityBypass                               build/obj/FlashSecurityBypass.o
FlashVerifyAllBlock                               build/obj/FlashVerifyAllBlock.o
FlashVerifySection                                build/obj/FlashVerifySection.o
HARDFAULT_PSP                                     build/obj/orchard-vectors.o
HardFault_Handler                                 build/obj/orchard-vectors.o
                                                  build/obj/vectors.o
MemManage_Handler                                 build/obj/orchard-vectors.o
                                                  build/obj/vectors.o
NMI_Handler                                       build/obj/vectors.o
PFlashGetProtection                               build/obj/PFlashGetProtection.o
PFlashSetProtection                               build/obj/PFlashSetProtection.o
PendSV_Handler                                    build/obj/vectors.o
RelocateFunction                                  build/obj/CopyToRam.o
Reset_Handler                                     build/obj/crt0_v7m.o
                                                  build/obj/vectors.o
SD1                                               build/obj/serial_lld.o
                                                  build/obj/orchard-shell.o
SVC_Handler                                       build/obj/chcore_v7m.o
                                                  build/obj/vectors.o
SysTick_Handler                                   build/obj/st_lld.o
                                                  build/obj/vectors.o
TestThread                                        build/obj/test.o
UsageFault_Handler                                build/obj/orchard-vectors.o
                                                  build/obj/vectors.o
Vector1C                                          build/obj/vectors.o
Vector20                                          build/obj/vectors.o
Vector24                                          build/obj/vectors.o
Vector28                                          build/obj/vectors.o
Vector34                                          build/obj/vectors.o
Vector40                                          build/obj/vectors.o
Vector44                                          build/obj/vectors.o
Vector48                                          build/obj/vectors.o
Vector4C                                          build/obj/vectors.o
Vector50                                          build/obj/vectors.o
Vector54                                          build/obj/vectors.o
Vector58                                          build/obj/vectors.o
Vector5C                                          build/obj/vectors.o
Vector60                                          build/obj/vectors.o
Vector64                                          build/obj/vectors.o
Vector68                                          build/obj/vectors.o
Vector6C                                          build/obj/vectors.o
Vector70                                          build/obj/vectors.o
Vector74                                          build/obj/vectors.o
Vector78                                          build/obj/vectors.o
Vector7C                                          build/obj/vectors.o
Vector80                                          build/obj/serial_lld.o
                                                  build/obj/vectors.o
Vector84                                          build/obj/vectors.o
Vector88                                          build/obj/vectors.o
Vector8C                                          build/obj/vectors.o
Vector90                                          build/obj/vectors.o
Vector94                                          build/obj/vectors.o
Vector98                                          build/obj/vectors.o
Vector9C                                          build/obj/vectors.o
VectorA0                                          build/obj/vectors.o
VectorA4                                          build/obj/vectors.o
VectorA8                                          build/obj/vectors.o
VectorAC                                          build/obj/vectors.o
VectorB0                                          build/obj/vectors.o
VectorB4                                          build/obj/vectors.o
VectorB8                                          build/obj/vectors.o
VectorBC                                          build/obj/vectors.o
VectorC0                                          build/obj/vectors.o
VectorC4                                          build/obj/vectors.o
VectorC8                                          build/obj/vectors.o
VectorCC                                          build/obj/vectors.o
VectorD0                                          build/obj/vectors.o
VectorD4                                          build/obj/vectors.o
VectorD8                                          build/obj/vectors.o
VectorDC                                          build/obj/vectors.o
VectorE0                                          build/obj/ext_lld.o
                                                  build/obj/vectors.o
VectorE4                                          build/obj/ext_lld.o
                                                  build/obj/vectors.o
VectorE8                                          build/obj/ext_lld.o
                                                  build/obj/vectors.o
VectorEC                                          build/obj/ext_lld.o
                                                  build/obj/vectors.o
VectorF0                                          build/obj/ext_lld.o
                                                  build/obj/vectors.o
VectorF4                                          build/obj/vectors.o
VectorF8                                          build/obj/vectors.o
VectorFC                                          build/obj/vectors.o
__core_init                                       build/obj/crt1.o
                                                  build/obj/crt0_v7m.o
__default_exit                                    build/obj/crt1.o
                                                  build/obj/crt0_v7m.o
__early_init                                      build/obj/board.o
                                                  build/obj/crt1.o
                                                  build/obj/crt0_v7m.o
__fini_array_end                                  build/obj/crt0_v7m.o
__fini_array_start                                build/obj/crt0_v7m.o
__heap_base__                                     build/obj/chmemcore.o
__heap_end__                                      build/obj/chmemcore.o
__init_array_end                                  build/obj/crt0_v7m.o
__init_array_start                                build/obj/crt0_v7m.o
__init_ram_areas                                  build/obj/crt1.o
                                                  build/obj/crt0_v7m.o
__late_init                                       build/obj/crt1.o
                                                  build/obj/crt0_v7m.o
__main_stack_base__                               build/obj/crt0_v7m.o
__main_stack_end__                                build/obj/vectors.o
                                                  build/obj/crt0_v7m.o
__process_stack_base__                            build/obj/crt0_v7m.o
__process_stack_end__                             build/obj/crt0_v7m.o
__ram0_clear__                                    build/obj/crt1.o
__ram0_init__                                     build/obj/crt1.o
__ram0_init_text__                                build/obj/crt1.o
__ram0_noinit__                                   build/obj/crt1.o
__ram1_clear__                                    build/obj/crt1.o
__ram1_init__                                     build/obj/crt1.o
__ram1_init_text__                                build/obj/crt1.o
__ram1_noinit__                                   build/obj/crt1.o
__ram2_clear__                                    build/obj/crt1.o
__ram2_init__                                     build/obj/crt1.o
__ram2_init_text__                                build/obj/crt1.o
__ram2_noinit__                                   build/obj/crt1.o
__ram3_clear__                                    build/obj/crt1.o
__ram3_init__                                     build/obj/crt1.o
__ram3_init_text__                                build/obj/crt1.o
__ram3_noinit__                                   build/obj/crt1.o
__ram4_clear__                                    build/obj/crt1.o
__ram4_init__                                     build/obj/crt1.o
__ram4_init_text__                                build/obj/crt1.o
__ram4_noinit__                                   build/obj/crt1.o
__ram5_clear__                                    build/obj/crt1.o
__ram5_init__                                     build/obj/crt1.o
__ram5_init_text__                                build/obj/crt1.o
__ram5_noinit__                                   build/obj/crt1.o
__ram6_clear__                                    build/obj/crt1.o
__ram6_init__                                     build/obj/crt1.o
__ram6_init_text__                                build/obj/crt1.o
__ram6_noinit__                                   build/obj/crt1.o
__ram7_clear__                                    build/obj/crt1.o
__ram7_init__                                     build/obj/crt1.o
__ram7_init_text__                                build/obj/crt1.o
__ram7_noinit__                                   build/obj/crt1.o
__stack_chk_fail                                  build/obj/orchard-vectors.o
__stack_chk_guard                                 build/obj/orchard-vectors.o
_bss_end                                          build/obj/crt0_v7m.o
_bss_start                                        build/obj/crt0_v7m.o
_cfm                                              build/obj/hal_lld.o
_core_init                                        build/obj/chmemcore.o
                                                  build/obj/chsys.o
_data_end                                         build/obj/crt0_v7m.o
_data_start                                       build/obj/crt0_v7m.o
_heap_init                                        build/obj/chheap.o
                                                  build/obj/chsys.o
_orchard_cmd_list__func                           build/obj/orchard-shell.o
_pal_lld_init                                     build/obj/pal_lld.o
                                                  build/obj/hal.o
_pal_lld_readpad                                  build/obj/pal_lld.o
_pal_lld_setgroupmode                             build/obj/pal_lld.o
                                                  build/obj/pal.o
_pal_lld_setpadmode                               build/obj/pal_lld.o
                                                  build/obj/main.o
_pal_lld_writepad                                 build/obj/pal_lld.o
_port_exit_from_isr                               build/obj/chcoreasm_v7m.o
                                                  build/obj/chcore_v7m.o
_port_irq_epilogue                                build/obj/chcore_v7m.o
                                                  build/obj/st_lld.o
                                                  build/obj/ext_lld.o
                                                  build/obj/serial_lld.o
_port_switch                                      build/obj/chcoreasm_v7m.o
                                                  build/obj/chschd.o
_port_switch_from_isr                             build/obj/chcoreasm_v7m.o
                                                  build/obj/chcore_v7m.o
_port_thread_start                                build/obj/chcoreasm_v7m.o
                                                  build/obj/chthreads.o
_scheduler_init                                   build/obj/chschd.o
                                                  build/obj/chsys.o
_test_assert                                      build/obj/test.o
                                                  build/obj/testsys.o
                                                  build/obj/testqueues.o
                                                  build/obj/testdyn.o
                                                  build/obj/testpools.o
                                                  build/obj/testheap.o
                                                  build/obj/testevt.o
                                                  build/obj/testmbox.o
                                                  build/obj/testmtx.o
                                                  build/obj/testsem.o
                                                  build/obj/testthd.o
_test_assert_sequence                             build/obj/test.o
                                                  build/obj/testqueues.o
                                                  build/obj/testdyn.o
                                                  build/obj/testevt.o
                                                  build/obj/testmbox.o
                                                  build/obj/testmsg.o
                                                  build/obj/testmtx.o
                                                  build/obj/testsem.o
                                                  build/obj/testthd.o
_test_assert_time_window                          build/obj/test.o
                                                  build/obj/testevt.o
                                                  build/obj/testsem.o
                                                  build/obj/testthd.o
_test_fail                                        build/obj/test.o
_textdata_start                                   build/obj/crt0_v7m.o
_thread_init                                      build/obj/chthreads.o
                                                  build/obj/chsys.o
_unhandled_exception                              build/obj/vectors.o
_vectors                                          build/obj/vectors.o
_vt_init                                          build/obj/chvt.o
                                                  build/obj/chsys.o
boardInit                                         build/obj/board.o
                                                  build/obj/hal.o
ch                                                build/obj/chschd.o
                                                  build/obj/shell.o
                                                  build/obj/testbmk.o
                                                  build/obj/testqueues.o
                                                  build/obj/testdyn.o
                                                  build/obj/testevt.o
                                                  build/obj/testmsg.o
                                                  build/obj/testmtx.o
                                                  build/obj/testsem.o
                                                  build/obj/testthd.o
                                                  build/obj/test.o
                                                  build/obj/hal_buffers.o
                                                  build/obj/chmsg.o
                                                  build/obj/chevents.o
                                                  build/obj/chcond.o
                                                  build/obj/chmtx.o
                                                  build/obj/chsem.o
                                                  build/obj/chregistry.o
                                                  build/obj/chthreads.o
                                                  build/obj/chvt.o
                                                  build/obj/chsys.o
chCondBroadcast                                   build/obj/chcond.o
                                                  build/obj/testmtx.o
chCondBroadcastI                                  build/obj/chcond.o
chCondObjectInit                                  build/obj/chcond.o
                                                  build/obj/testmtx.o
chCondSignal                                      build/obj/chcond.o
                                                  build/obj/testmtx.o
chCondSignalI                                     build/obj/chcond.o
                                                  build/obj/testmtx.o
chCondWait                                        build/obj/chcond.o
                                                  build/obj/testmtx.o
chCondWaitS                                       build/obj/chcond.o
chCondWaitTimeout                                 build/obj/chcond.o
                                                  build/obj/testmtx.o
chCondWaitTimeoutS                                build/obj/chcond.o
chCoreAlloc                                       build/obj/chmemcore.o
                                                  build/obj/chheap.o
chCoreAllocI                                      build/obj/chmemcore.o
chCoreGetStatusX                                  build/obj/chmemcore.o
                                                  build/obj/main.o
                                                  build/obj/testheap.o
chEvtAddEvents                                    build/obj/chevents.o
                                                  build/obj/testevt.o
chEvtBroadcastFlags                               build/obj/chevents.o
                                                  build/obj/testevt.o
chEvtBroadcastFlagsI                              build/obj/chevents.o
                                                  build/obj/shell.o
                                                  build/obj/serial_lld.o
                                                  build/obj/serial.o
chEvtDispatch                                     build/obj/chevents.o
                                                  build/obj/testevt.o
chEvtGetAndClearEvents                            build/obj/chevents.o
                                                  build/obj/testevt.o
chEvtGetAndClearFlags                             build/obj/chevents.o
chEvtGetAndClearFlagsI                            build/obj/chevents.o
chEvtRegisterMaskWithFlags                        build/obj/chevents.o
                                                  build/obj/testevt.o
chEvtSignal                                       build/obj/chevents.o
                                                  build/obj/testevt.o
chEvtSignalI                                      build/obj/chevents.o
chEvtUnregister                                   build/obj/chevents.o
                                                  build/obj/testevt.o
chEvtWaitAll                                      build/obj/chevents.o
                                                  build/obj/testevt.o
chEvtWaitAllTimeout                               build/obj/chevents.o
                                                  build/obj/testevt.o
chEvtWaitAny                                      build/obj/chevents.o
                                                  build/obj/testevt.o
chEvtWaitAnyTimeout                               build/obj/chevents.o
                                                  build/obj/testevt.o
chEvtWaitOne                                      build/obj/chevents.o
                                                  build/obj/testevt.o
chEvtWaitOneTimeout                               build/obj/chevents.o
                                                  build/obj/testevt.o
chHeapAlloc                                       build/obj/chheap.o
                                                  build/obj/testdyn.o
                                                  build/obj/testheap.o
                                                  build/obj/chdynamic.o
chHeapFree                                        build/obj/chheap.o
                                                  build/obj/testdyn.o
                                                  build/obj/testheap.o
                                                  build/obj/chdynamic.o
chHeapObjectInit                                  build/obj/chheap.o
                                                  build/obj/testdyn.o
                                                  build/obj/testheap.o
chHeapStatus                                      build/obj/chheap.o
                                                  build/obj/testdyn.o
                                                  build/obj/testheap.o
chIQGetTimeout                                    build/obj/chqueues.o
                                                  build/obj/testbmk.o
                                                  build/obj/testqueues.o
                                                  build/obj/serial.o
chIQObjectInit                                    build/obj/chqueues.o
                                                  build/obj/testbmk.o
                                                  build/obj/testqueues.o
                                                  build/obj/serial.o
chIQPutI                                          build/obj/chqueues.o
                                                  build/obj/testbmk.o
                                                  build/obj/testqueues.o
                                                  build/obj/serial_lld.o
                                                  build/obj/serial.o
chIQReadTimeout                                   build/obj/chqueues.o
                                                  build/obj/testqueues.o
                                                  build/obj/serial.o
chIQResetI                                        build/obj/chqueues.o
                                                  build/obj/testqueues.o
                                                  build/obj/serial.o
chMBFetch                                         build/obj/chmboxes.o
                                                  build/obj/testmbox.o
chMBFetchI                                        build/obj/chmboxes.o
                                                  build/obj/testmbox.o
chMBFetchS                                        build/obj/chmboxes.o
chMBObjectInit                                    build/obj/chmboxes.o
                                                  build/obj/testmbox.o
chMBPost                                          build/obj/chmboxes.o
                                                  build/obj/testmbox.o
chMBPostAhead                                     build/obj/chmboxes.o
                                                  build/obj/testmbox.o
chMBPostAheadI                                    build/obj/chmboxes.o
                                                  build/obj/testmbox.o
chMBPostAheadS                                    build/obj/chmboxes.o
chMBPostI                                         build/obj/chmboxes.o
                                                  build/obj/testmbox.o
chMBPostS                                         build/obj/chmboxes.o
chMBReset                                         build/obj/chmboxes.o
                                                  build/obj/testmbox.o
chMBResetI                                        build/obj/chmboxes.o
chMsgRelease                                      build/obj/chmsg.o
                                                  build/obj/testbmk.o
                                                  build/obj/testmsg.o
chMsgSend                                         build/obj/chmsg.o
                                                  build/obj/testbmk.o
                                                  build/obj/testmsg.o
chMsgWait                                         build/obj/chmsg.o
                                                  build/obj/testbmk.o
                                                  build/obj/testmsg.o
chMtxLock                                         build/obj/chmtx.o
                                                  build/obj/testbmk.o
                                                  build/obj/testmtx.o
                                                  build/obj/chheap.o
chMtxLockS                                        build/obj/chmtx.o
                                                  build/obj/chcond.o
chMtxObjectInit                                   build/obj/chmtx.o
                                                  build/obj/testbmk.o
                                                  build/obj/testmtx.o
                                                  build/obj/chheap.o
chMtxTryLock                                      build/obj/chmtx.o
                                                  build/obj/testmtx.o
chMtxTryLockS                                     build/obj/chmtx.o
chMtxUnlock                                       build/obj/chmtx.o
                                                  build/obj/testbmk.o
                                                  build/obj/testmtx.o
                                                  build/obj/chheap.o
chMtxUnlockAll                                    build/obj/chmtx.o
                                                  build/obj/testmtx.o
chMtxUnlockS                                      build/obj/chmtx.o
                                                  build/obj/testmtx.o
                                                  build/obj/chcond.o
chOQGetI                                          build/obj/chqueues.o
                                                  build/obj/testqueues.o
                                                  build/obj/serial_lld.o
                                                  build/obj/serial.o
chOQObjectInit                                    build/obj/chqueues.o
                                                  build/obj/testqueues.o
                                                  build/obj/serial.o
chOQPutTimeout                                    build/obj/chqueues.o
                                                  build/obj/testqueues.o
                                                  build/obj/serial.o
chOQResetI                                        build/obj/chqueues.o
                                                  build/obj/testqueues.o
                                                  build/obj/serial.o
chOQWriteTimeout                                  build/obj/chqueues.o
                                                  build/obj/testqueues.o
                                                  build/obj/serial.o
chPoolAlloc                                       build/obj/chmempools.o
                                                  build/obj/testdyn.o
                                                  build/obj/testpools.o
                                                  build/obj/chdynamic.o
chPoolAllocI                                      build/obj/chmempools.o
chPoolFree                                        build/obj/chmempools.o
                                                  build/obj/testdyn.o
                                                  build/obj/testpools.o
                                                  build/obj/chdynamic.o
chPoolFreeI                                       build/obj/chmempools.o
chPoolLoadArray                                   build/obj/chmempools.o
                                                  build/obj/testpools.o
chPoolObjectInit                                  build/obj/chmempools.o
                                                  build/obj/testdyn.o
                                                  build/obj/testpools.o
chRegFirstThread                                  build/obj/chregistry.o
                                                  build/obj/testdyn.o
chRegNextThread                                   build/obj/chregistry.o
                                                  build/obj/testdyn.o
chSchDoReschedule                                 build/obj/chschd.o
                                                  build/obj/chcoreasm_v7m.o
chSchDoRescheduleAhead                            build/obj/chschd.o
chSchDoRescheduleBehind                           build/obj/chschd.o
                                                  build/obj/chthreads.o
chSchGoSleepS                                     build/obj/chschd.o
                                                  build/obj/testbmk.o
                                                  build/obj/chmsg.o
                                                  build/obj/chevents.o
                                                  build/obj/chcond.o
                                                  build/obj/chmtx.o
                                                  build/obj/chsem.o
                                                  build/obj/chthreads.o
chSchGoSleepTimeoutS                              build/obj/chschd.o
                                                  build/obj/chevents.o
                                                  build/obj/chcond.o
                                                  build/obj/chsem.o
                                                  build/obj/chthreads.o
chSchIsPreemptionRequired                         build/obj/chschd.o
                                                  build/obj/chcore_v7m.o
chSchReadyI                                       build/obj/chschd.o
                                                  build/obj/chmsg.o
                                                  build/obj/chevents.o
                                                  build/obj/chcond.o
                                                  build/obj/chmtx.o
                                                  build/obj/chsem.o
                                                  build/obj/chthreads.o
chSchRescheduleS                                  build/obj/chschd.o
                                                  build/obj/testmtx.o
                                                  build/obj/testsem.o
                                                  build/obj/serial.o
                                                  build/obj/chmboxes.o
                                                  build/obj/chevents.o
                                                  build/obj/chcond.o
                                                  build/obj/chmtx.o
                                                  build/obj/chsem.o
                                                  build/obj/chthreads.o
                                                  build/obj/chsys.o
chSchWakeupS                                      build/obj/chschd.o
                                                  build/obj/testbmk.o
                                                  build/obj/chmsg.o
                                                  build/obj/chcond.o
                                                  build/obj/chsem.o
                                                  build/obj/chdynamic.o
                                                  build/obj/chthreads.o
chSemAddCounterI                                  build/obj/chsem.o
                                                  build/obj/testsem.o
chSemObjectInit                                   build/obj/chsem.o
                                                  build/obj/testbmk.o
                                                  build/obj/testsem.o
                                                  build/obj/chmboxes.o
chSemReset                                        build/obj/chsem.o
                                                  build/obj/testbmk.o
                                                  build/obj/testsem.o
chSemResetI                                       build/obj/chsem.o
                                                  build/obj/chmboxes.o
chSemSignal                                       build/obj/chsem.o
                                                  build/obj/testbmk.o
                                                  build/obj/testsem.o
chSemSignalI                                      build/obj/chsem.o
                                                  build/obj/testsem.o
                                                  build/obj/chmboxes.o
chSemSignalWait                                   build/obj/chsem.o
                                                  build/obj/testsem.o
chSemWait                                         build/obj/chsem.o
                                                  build/obj/testbmk.o
                                                  build/obj/testsem.o
chSemWaitS                                        build/obj/chsem.o
chSemWaitTimeout                                  build/obj/chsem.o
                                                  build/obj/testsem.o
chSemWaitTimeoutS                                 build/obj/chsem.o
                                                  build/obj/chmboxes.o
chSysGetStatusAndLockX                            build/obj/chsys.o
                                                  build/obj/testsys.o
chSysHalt                                         build/obj/chsys.o
                                                  build/obj/orchard-vectors.o
chSysInit                                         build/obj/chsys.o
                                                  build/obj/main.o
chSysIntegrityCheckI                              build/obj/chsys.o
                                                  build/obj/testsys.o
chSysIsCounterWithinX                             build/obj/chsys.o
chSysPolledDelayX                                 build/obj/chsys.o
chSysRestoreStatusX                               build/obj/chsys.o
                                                  build/obj/testsys.o
chSysTimerHandlerI                                build/obj/chsys.o
                                                  build/obj/st_lld.o
chThdAddRef                                       build/obj/chdynamic.o
                                                  build/obj/testdyn.o
chThdCreateFromHeap                               build/obj/chdynamic.o
                                                  build/obj/shell.o
                                                  build/obj/testdyn.o
chThdCreateFromMemoryPool                         build/obj/chdynamic.o
                                                  build/obj/testdyn.o
chThdCreateI                                      build/obj/chthreads.o
                                                  build/obj/testthd.o
                                                  build/obj/chdynamic.o
chThdCreateStatic                                 build/obj/chthreads.o
                                                  build/obj/shell.o
                                                  build/obj/testbmk.o
                                                  build/obj/testqueues.o
                                                  build/obj/testevt.o
                                                  build/obj/testmsg.o
                                                  build/obj/testmtx.o
                                                  build/obj/testsem.o
                                                  build/obj/testthd.o
                                                  build/obj/chsys.o
chThdDequeueAllI                                  build/obj/chthreads.o
                                                  build/obj/hal_buffers.o
                                                  build/obj/chqueues.o
chThdDequeueNextI                                 build/obj/chthreads.o
                                                  build/obj/hal_buffers.o
                                                  build/obj/chqueues.o
chThdEnqueueTimeoutS                              build/obj/chthreads.o
                                                  build/obj/hal_buffers.o
                                                  build/obj/chqueues.o
chThdExit                                         build/obj/chthreads.o