Archive member included to satisfy reference by file (symbol)

lib/armv6-m-libgcc.a(_udivsi3.o)
                              build/obj/serial_lld.o (__aeabi_uidiv)
lib/armv6-m-libgcc.a(_divsi3.o)
                              build/obj/syscalls.o (__aeabi_idiv)
lib/armv6-m-libgcc.a(_dvmd_tls.o)
                              lib/armv6-m-libgcc.a(_udivsi3.o) (__aeabi_idiv0)
lib/armv6-m-libgcc.a(_lshrdi3.o)
                              build/obj/syscalls.o (__aeabi_llsr)
lib/armv6-m-libgcc.a(_ashrdi3.o)
                              build/obj/syscalls.o (__aeabi_lasr)
lib/armv6-m-libgcc.a(_ashldi3.o)
                              build/obj/syscalls.o (__aeabi_llsl)
lib/armv6-m-libgcc.a(_arm_cmpdf2.o)
                              build/obj/syscalls.o (__aeabi_cdrcmple)
lib/armv6-m-libgcc.a(_aeabi_ldivmod.o)
                              build/obj/syscalls.o (__aeabi_ldivmod)
lib/armv6-m-libgcc.a(_aeabi_uldivmod.o)
                              build/obj/syscalls.o (__aeabi_uldivmod)
lib/armv6-m-libgcc.a(_muldi3.o)
                              build/obj/syscalls.o (__muldi3)
lib/armv6-m-libgcc.a(_popcount_tab.o)
                              build/obj/syscalls.o (__popcount_tab)
lib/armv6-m-libgcc.a(_popcountsi2.o)
                              build/obj/syscalls.o (__popcountsi2)
lib/armv6-m-libgcc.a(bpabi.o)
                              lib/armv6-m-libgcc.a(_aeabi_ldivmod.o) (__gnu_ldivmod_helper)
lib/armv6-m-libgcc.a(eqdf2.o)
                              build/obj/syscalls.o (__eqdf2)
lib/armv6-m-libgcc.a(gedf2.o)
                              build/obj/syscalls.o (__gedf2)
lib/armv6-m-libgcc.a(ledf2.o)
                              build/obj/syscalls.o (__ledf2)
lib/armv6-m-libgcc.a(_divdi3.o)
                              lib/armv6-m-libgcc.a(bpabi.o) (__divdi3)
lib/armv6-m-libgcc.a(_udivdi3.o)
                              lib/armv6-m-libgcc.a(bpabi.o) (__udivdi3)
lib/armv6-m-libgcc.a(_clzdi2.o)
                              lib/armv6-m-libgcc.a(_divdi3.o) (__clzdi2)
lib/armv6-m-libgcc.a(_clzsi2.o)
                              lib/armv6-m-libgcc.a(_clzdi2.o) (__clzsi2)
lib/libc-nano-armv6-m.a(lib_a-cxa_atexit.o)
                              build/obj/__aeabi.o (__cxa_atexit)
lib/libc-nano-armv6-m.a(lib_a-memcmp.o)
                              build/obj/updater.o (memcmp)
lib/libc-nano-armv6-m.a(lib_a-memcpy.o)
                              build/obj/demod.o (memcpy)
lib/libc-nano-armv6-m.a(lib_a-memmove.o)
                              build/obj/__aeabi.o (memmove)
lib/libc-nano-armv6-m.a(lib_a-memset.o)
                              build/obj/crt1.o (memset)

Discarded input sections

 .data          0x00000000        0x0 build/obj/crt0_v6m.o
 .bss           0x00000000        0x0 build/obj/crt0_v6m.o
 .data          0x00000000        0x0 build/obj/nilcoreasm_v6m.o
 .bss           0x00000000        0x0 build/obj/nilcoreasm_v6m.o
 .data          0x00000000        0x0 build/obj/run_app.o
 .bss           0x00000000        0x0 build/obj/run_app.o
 .data          0x00000000        0x0 build/obj/svc_handler.o
 .bss           0x00000000        0x0 build/obj/svc_handler.o
 .text          0x00000000        0x0 build/obj/main.o
 .data          0x00000000        0x0 build/obj/main.o
 .bss           0x00000000        0x0 build/obj/main.o
 .bss.screenpos
                0x00000000        0x1 build/obj/main.o
 .text          0x00000000        0x0 build/obj/orchard-vectors.o
 .data          0x00000000        0x0 build/obj/orchard-vectors.o
 .bss           0x00000000        0x0 build/obj/orchard-vectors.o
 .text.__stack_chk_fail
                0x00000000       0x10 build/obj/orchard-vectors.o
 .rodata.str1.4
                0x00000000       0x14 build/obj/orchard-vectors.o
 .data.__stack_chk_guard
                0x00000000        0x4 build/obj/orchard-vectors.o
 .text          0x00000000        0x0 build/obj/gitversion.o
 .data          0x00000000        0x0 build/obj/gitversion.o
 .bss           0x00000000        0x0 build/obj/gitversion.o
 .text          0x00000000        0x0 build/obj/analog.o
 .data          0x00000000        0x0 build/obj/analog.o
 .bss           0x00000000        0x0 build/obj/analog.o
 .text          0x00000000        0x0 build/obj/demod.o
 .data          0x00000000        0x0 build/obj/demod.o
 .bss           0x00000000        0x0 build/obj/demod.o
 .rodata.fsk_const
                0x00000000       0x4c build/obj/demod.o
 .text          0x00000000        0x0 build/obj/murmur3.o
 .data          0x00000000        0x0 build/obj/murmur3.o
 .bss           0x00000000        0x0 build/obj/murmur3.o
 .text          0x00000000        0x0 build/obj/updater.o
 .data          0x00000000        0x0 build/obj/updater.o
 .bss           0x00000000        0x0 build/obj/updater.o
 .text.bootToUserApp
                0x00000000       0x40 build/obj/updater.o
 .text.init_storage_header
                0x00000000       0x60 build/obj/updater.o
 .text          0x00000000        0x0 build/obj/mac.o
[...]
Memory Configuration

Name             Origin             Length             Attributes
flash0           0x00000000         0x00000100
flashcfg         0x00000400         0x00000010
flash            0x00000410         0x000053f0
storage          0x00005800         0x00002800
ram0             0x1ffffc00         0x00001000
ram1             0x00000000         0x00000000
ram2             0x00000000         0x00000000
ram3             0x00000000         0x00000000
ram4             0x00000000         0x00000000
ram5             0x00000000         0x00000000
ram6             0x00000000         0x00000000
ram7             0x00000000         0x00000000
*default*        0x00000000         0xffffffff

Linker script and memory map

LOAD build/obj/crt0_v6m.o
LOAD build/obj/nilcoreasm_v6m.o
LOAD build/obj/run_app.o
LOAD build/obj/svc_handler.o
LOAD build/obj/main.o
LOAD build/obj/orchard-vectors.o
LOAD build/obj/gitversion.o
LOAD build/obj/analog.o
LOAD build/obj/demod.o
LOAD build/obj/murmur3.o
LOAD build/obj/updater.o
LOAD build/obj/mac.o
LOAD build/obj/flash.o
LOAD build/obj/crt1.o
LOAD build/obj/vectors.o
LOAD build/obj/nilcore.o
LOAD build/obj/nilcore_v6m.o
LOAD build/obj/nil.o
LOAD build/obj/hal.o
LOAD build/obj/st.o
LOAD build/obj/hal_buffers.o
LOAD build/obj/hal_queues.o
LOAD build/obj/hal_mmcsd.o
LOAD build/obj/adc.o
LOAD build/obj/ext.o
LOAD build/obj/pal.o
LOAD build/obj/serial.o
LOAD build/obj/osal.o
LOAD build/obj/nvic.o
LOAD build/obj/hal_lld.o
LOAD build/obj/pal_lld.o
LOAD build/obj/serial_lld.o
LOAD build/obj/spi_lld.o
LOAD build/obj/i2c_lld.o
LOAD build/obj/ext_lld.o
LOAD build/obj/adc_lld.o
LOAD build/obj/pwm_lld.o
LOAD build/obj/st_lld.o
LOAD build/obj/board.o
LOAD build/obj/printf.o
LOAD build/obj/chprintf.o
LOAD build/obj/FlashInit.o
LOAD build/obj/FlashProgram.o
LOAD build/obj/FlashProgramCheck.o
LOAD build/obj/FlashProgramOnce.o
LOAD build/obj/FlashProgramSection.o
LOAD build/obj/FlashReadOnce.o
LOAD build/obj/FlashReadResource.o
LOAD build/obj/FlashVerifyBlock.o
LOAD build/obj/FlashVerifyAllBlock.o
LOAD build/obj/FlashVerifySection.o
LOAD build/obj/FlashEraseAllBlock.o
LOAD build/obj/FlashEraseBlock.o
LOAD build/obj/FlashEraseResume.o
LOAD build/obj/FlashEraseSector.o
LOAD build/obj/FlashEraseSuspend.o
LOAD build/obj/FlashGetSecurityState.o
LOAD build/obj/FlashSecurityBypass.o
LOAD build/obj/FlashCheckSum.o
LOAD build/obj/FlashCommandSequence.o
LOAD build/obj/PFlashGetProtection.o
LOAD build/obj/PFlashSetProtection.o
LOAD build/obj/CopyToRam.o
LOAD build/obj/__aeabi.o
LOAD build/obj/syscalls.o
LOAD build/obj/arduino-irqs.o
LOAD build/obj/arduino-time.o
LOAD build/obj/arduino-io.o
LOAD build/obj/arduino-math.o
                0x00005800                __storage_start__ = ORIGIN (storage)
                0x00002800                __storage_size__ = 0x2800
                0x00007fff                __storage_end__ = ((__storage_start__ + __storage_size__) - 0x1)
                0x1ffffc00                __ram0_start__ = ORIGIN (ram0)
                0x00001000                __ram0_size__ = 0x1000
                0x20000c00                __ram0_end__ = (__ram0_start__ + __ram0_size__)
                0x00000000                __ram1_start__ = ORIGIN (ram1)
                0x00000000                __ram1_size__ = 0x0
                0x00000000                __ram1_end__ = (__ram1_start__ + __ram1_size__)
                0x00000000                __ram2_start__ = ORIGIN (ram2)
                0x00000000                __ram2_size__ = 0x0
                0x00000000                __ram2_end__ = (__ram2_start__ + __ram2_size__)
                0x00000000                __ram3_start__ = ORIGIN (ram3)
                0x00000000                __ram3_size__ = 0x0
                0x00000000                __ram3_end__ = (__ram3_start__ + __ram3_size__)
                0x00000000                __ram4_start__ = ORIGIN (ram4)
                0x00000000                __ram4_size__ = 0x0
                0x00000000                __ram4_end__ = (__ram4_start__ + __ram4_size__)
                0x00000000                __ram5_start__ = ORIGIN (ram5)
                0x00000000                __ram5_size__ = 0x0
                0x00000000                __ram5_end__ = (__ram5_start__ + __ram5_size__)
                0x00000000                __ram6_start__ = ORIGIN (ram6)
                0x00000000                __ram6_size__ = 0x0
                0x00000000                __ram6_end__ = (__ram6_start__ + __ram6_size__)
                0x00000000                __ram7_start__ = ORIGIN (ram7)
                0x00000000                __ram7_size__ = 0x0
                0x00000000                __ram7_end__ = (__ram7_start__ + __ram7_size__)
                0x00000000                . = 0x0

startup         0x00000000      0x100
 *(.vectors)
 .vectors       0x00000000      0x100 build/obj/vectors.o
                0x00000000                _vectors

.cfmprotect     0x00000400       0x10
 *(.cfmconfig)
 .cfmconfig     0x00000400       0x10 build/obj/hal_lld.o
                0x00000400                _cfm
                0x00000410                _text = .

constructors    0x00000410        0x0
                0x00000410                __init_array_start = .
 *(SORT(.init_array.*))
 *(.init_array)
                0x00000410                __init_array_end = .

destructors     0x00000410        0x0
                0x00000410                __fini_array_start = .
 *(.fini_array)
 *(SORT(.fini_array.*))
                0x00000410                __fini_array_end = .

commands
 *(SORT(.chibi_list*))

.text           0x00000410     0x3978
 *(.text)
 .text          0x00000410       0xc8 build/obj/crt0_v6m.o
                0x00000410                Reset_Handler
 *fill*         0x000004d8        0x8 
 .text          0x000004e0       0x40 build/obj/nilcoreasm_v6m.o
                0x000004e0                _port_switch
                0x00000500                _port_thread_start
                0x0000050c                _port_switch_from_isr
                0x00000510                _port_exit_from_isr
 .text          0x00000520       0x54 build/obj/run_app.o
                0x00000520                Run_App
 *fill*         0x00000574        0xc 
 .text          0x00000580       0x30 build/obj/svc_handler.o
                0x00000580                SVC_Handler
 .text          0x000005b0      0x120 lib/armv6-m-libgcc.a(_udivsi3.o)
                0x000005b0                __udivsi3
                0x000005b0                __aeabi_uidiv
                0x000006bc                __aeabi_uidivmod
 .text          0x000006d0      0x1e0 lib/armv6-m-libgcc.a(_divsi3.o)
                0x000006d0                __aeabi_idiv
                0x000006d0                __divsi3
                0x0000089c                __aeabi_idivmod
 .text          0x000008b0        0x4 lib/armv6-m-libgcc.a(_dvmd_tls.o)
                0x000008b0                __aeabi_ldiv0
                0x000008b0                __aeabi_idiv0
 *fill*         0x000008b4        0xc 
 .text          0x000008c0       0x18 lib/armv6-m-libgcc.a(_lshrdi3.o)
                0x000008c0                __aeabi_llsr
                0x000008c0                __lshrdi3
 *fill*         0x000008d8        0x8 
 .text          0x000008e0       0x1c lib/armv6-m-libgcc.a(_ashrdi3.o)
                0x000008e0                __ashrdi3
                0x000008e0                __aeabi_lasr
 *fill*         0x000008fc        0x4 
 .text          0x00000900       0x18 lib/armv6-m-libgcc.a(_ashldi3.o)
                0x00000900                __ashldi3
                0x00000900                __aeabi_llsl
 *fill*         0x00000918        0x8 
 .text          0x00000920       0x7c lib/armv6-m-libgcc.a(_arm_cmpdf2.o)
                0x00000920                __aeabi_cdrcmple
                0x00000930                __aeabi_cdcmple
                0x00000930                __aeabi_cdcmpeq
                0x00000940                __aeabi_dcmpeq
                0x0000094c                __aeabi_dcmplt
                0x00000960                __aeabi_dcmple
                0x00000974                __aeabi_dcmpgt
                0x00000988                __aeabi_dcmpge
 *fill*         0x0000099c        0x4 
 .text          0x000009a0       0x48 lib/armv6-m-libgcc.a(_aeabi_ldivmod.o)
                0x000009a0                __aeabi_ldivmod
 *fill*         0x000009e8        0x8 
 .text          0x000009f0       0x40 lib/armv6-m-libgcc.a(_aeabi_uldivmod.o)
                0x000009f0                __aeabi_uldivmod
 .text          0x00000a30       0x54 lib/armv6-m-libgcc.a(_muldi3.o)
                0x00000a30                __aeabi_lmul
                0x00000a30                __muldi3
 *fill*         0x00000a84        0xc 
 .text          0x00000a90       0x34 lib/armv6-m-libgcc.a(_popcountsi2.o)
                0x00000a90                __popcountsi2
 *fill*         0x00000ac4        0xc 
 .text          0x00000ad0       0x6c lib/armv6-m-libgcc.a(bpabi.o)
                0x00000ad0                __gnu_ldivmod_helper
                0x00000b08                __gnu_uldivmod_helper
 *fill*         0x00000b3c        0x4 
 .text          0x00000b40       0x88 lib/armv6-m-libgcc.a(eqdf2.o)
                0x00000b40                __eqdf2
                0x00000b40                __nedf2
 *fill*         0x00000bc8        0x8 
 .text          0x00000bd0       0xe0 lib/armv6-m-libgcc.a(gedf2.o)
                0x00000bd0                __gtdf2
                0x00000bd0                __gedf2
 .text          0x00000cb0       0xcc lib/armv6-m-libgcc.a(ledf2.o)
                0x00000cb0                __ltdf2
                0x00000cb0                __ledf2
 *fill*         0x00000d7c        0x4 
 .text          0x00000d80      0x1f0 lib/armv6-m-libgcc.a(_divdi3.o)
                0x00000d80                __divdi3
 .text          0x00000f70      0x158 lib/armv6-m-libgcc.a(_udivdi3.o)
                0x00000f70                __udivdi3
 *fill*         0x000010c8        0x8 
 .text          0x000010d0       0x18 lib/armv6-m-libgcc.a(_clzdi2.o)
                0x000010d0                __clzdi2
 *fill*         0x000010e8        0x8 
 .text          0x000010f0       0x3c lib/armv6-m-libgcc.a(_clzsi2.o)
                0x000010f0                __clzsi2
 *(.text.*)
 *fill*         0x0000112c        0x4 
 .text.putc_x   0x00001130       0x20 build/obj/main.o
 .text.demod_loop
                0x00001150      0x110 build/obj/main.o
                0x00001150                demod_loop
 .text.Thread1  0x00001260      0x130 build/obj/main.o
 .text.startup.main
                0x00001390       0x10 build/obj/main.o
                0x00001390                main
 .text.HardFault_Handler
                0x000013a0       0x20 build/obj/orchard-vectors.o
                0x000013a0                HardFault_Handler
 .text.MemManage_Handler
                0x000013c0       0x10 build/obj/orchard-vectors.o
                0x000013c0                MemManage_Handler
 .text.BusFault_Handler
                0x000013d0       0x10 build/obj/orchard-vectors.o
                0x000013d0                BusFault_Handler
 .text.UsageFault_Handler
                0x000013e0       0x10 build/obj/orchard-vectors.o
                0x000013e0                UsageFault_Handler
 .text.adc_mic_end_cb
                0x000013f0       0x20 build/obj/analog.o
 .text.analogUpdateMic
                0x00001410       0x20 build/obj/analog.o
                0x00001410                analogUpdateMic
 .text.analogStart
                0x00001430       0x10 build/obj/analog.o
                0x00001430                analogStart
 .text.FSK_core
                0x00001440      0x1a0 build/obj/demod.o
                0x00001440                FSK_core
 .text.FSKdemod
                0x000015e0       0xe0 build/obj/demod.o
                0x000015e0                FSKdemod
 .text.demodInit
                0x000016c0       0x40 build/obj/demod.o
                0x000016c0                demodInit
 .text.MurmurHash3_x86_32
                0x00001700       0xd0 build/obj/murmur3.o
                0x00001700                MurmurHash3_x86_32
 .text.updaterPacketProcess
                0x000017d0      0x2a0 build/obj/updater.o
                0x000017d0                updaterPacketProcess
 .text.putBitMac
                0x00001a70      0x180 build/obj/mac.o
                0x00001a70                putBitMac
 .text.callback
                0x00001bf0       0x10 build/obj/flash.o
 .text.flashEraseSectors
                0x00001c00      0x110 build/obj/flash.o
                0x00001c00                flashEraseSectors
 .text.flashStart
                0x00001d10       0x60 build/obj/flash.o
                0x00001d10                flashStart
 .text.flashProgram
                0x00001d70       0xc0 build/obj/flash.o
                0x00001d70                flashProgram
 .text.__core_init
                0x00001e30       0x10 build/obj/crt1.o
                0x00001e30                __core_init
 .text.__late_init
                0x00001e40       0x10 build/obj/crt1.o
                0x00001e40                __late_init
 .text.__default_exit
                0x00001e50       0x10 build/obj/crt1.o
                0x00001e50                __default_exit
 .text.__init_ram_areas
                0x00001e60       0x50 build/obj/crt1.o
                0x00001e60                __init_ram_areas
 .text._unhandled_exception
                0x00001eb0       0x10 build/obj/vectors.o
                0x00001eb0                Vector58
                0x00001eb0                Vector9C
                0x00001eb0                VectorAC
                0x00001eb0                DebugMon_Handler
                0x00001eb0                Vector5C
                0x00001eb0                Vector8C
                0x00001eb0                PendSV_Handler
                0x00001eb0                Vector94
                0x00001eb0                VectorA8
                0x00001eb0                VectorB4
                0x00001eb0                Vector74
                0x00001eb0                Vector40
                0x00001eb0                Vector64
                0x00001eb0                Vector54
                0x00001eb0                Vector98
                0x00001eb0                Vector24
                0x00001eb0                Vector84
                0x00001eb0                Vector6C
                0x00001eb0                VectorA0
                0x00001eb0                VectorB0
                0x00001eb0                Vector90
                0x00001eb0                Vector60
                0x00001eb0                Vector1C
                0x00001eb0                Vector48
                0x00001eb0                Vector4C
                0x00001eb0                Vector80
                0x00001eb0                Vector68
                0x00001eb0                Vector78
                0x00001eb0                _unhandled_exception
                0x00001eb0                Vector88
                0x00001eb0                Vector50
                0x00001eb0                Vector44
                0x00001eb0                Vector28
                0x00001eb0                Vector34
                0x00001eb0                VectorA4
                0x00001eb0                Vector20
 .text.NMI_Handler
                0x00001ec0       0x10 build/obj/nilcore_v6m.o
                0x00001ec0                NMI_Handler
 .text._port_irq_epilogue
                0x00001ed0       0x40 build/obj/nilcore_v6m.o
                0x00001ed0                _port_irq_epilogue
 .text.chSysInit
                0x00001f10       0x70 build/obj/nil.o
                0x00001f10                chSysInit
 .text.chSysHalt
                0x00001f80       0x10 build/obj/nil.o
                0x00001f80                chSysHalt
 .text.chSysTimerHandlerI
                0x00001f90       0x60 build/obj/nil.o
                0x00001f90                chSysTimerHandlerI
 .text.chSchReadyI
                0x00001ff0       0x20 build/obj/nil.o
                0x00001ff0                chSchReadyI
 .text.chSchRescheduleS
                0x00002010       0x30 build/obj/nil.o
                0x00002010                chSchRescheduleS
 .text.chThdSleep
                0x00002040       0x50 build/obj/nil.o
                0x00002040                chThdSleep
 .text.chSemWaitTimeoutS
                0x00002090       0x70 build/obj/nil.o
                0x00002090                chSemWaitTimeoutS
 .text.halInit  0x00002100       0x30 build/obj/hal.o
                0x00002100                halInit
 .text.stInit   0x00002130       0x10 build/obj/st.o
                0x00002130                stInit
 .text.iqObjectInit
                0x00002140       0x20 build/obj/hal_queues.o
                0x00002140                iqObjectInit
 .text.iqPutI   0x00002160       0x40 build/obj/hal_queues.o
                0x00002160                iqPutI
 .text.iqGetTimeout
                0x000021a0       0x40 build/obj/hal_queues.o
                0x000021a0                iqGetTimeout
 .text.iqReadTimeout
                0x000021e0       0x70 build/obj/hal_queues.o
                0x000021e0                iqReadTimeout
 .text.oqObjectInit
                0x00002250       0x20 build/obj/hal_queues.o
                0x00002250                oqObjectInit
 .text.oqPutTimeout
                0x00002270       0x50 build/obj/hal_queues.o
                0x00002270                oqPutTimeout
 .text.oqGetI   0x000022c0       0x40 build/obj/hal_queues.o
                0x000022c0                oqGetI
 .text.oqWriteTimeout
                0x00002300       0xd0 build/obj/hal_queues.o
                0x00002300                oqWriteTimeout
 .text.adcInit  0x000023d0       0x10 build/obj/adc.o
                0x000023d0                adcInit
 .text.adcObjectInit
                0x000023e0       0x10 build/obj/adc.o
                0x000023e0                adcObjectInit
 .text.adcStart
                0x000023f0       0x20 build/obj/adc.o
                0x000023f0                adcStart
 .text.adcStartConversion
                0x00002410       0x20 build/obj/adc.o
                0x00002410                adcStartConversion
 .text.extInit  0x00002430       0x10 build/obj/ext.o
                0x00002430                extInit
 .text.extObjectInit
                0x00002440       0x10 build/obj/ext.o
                0x00002440                extObjectInit
 .text.readt    0x00002450       0x10 build/obj/serial.o
 .text.read     0x00002460       0x10 build/obj/serial.o
 .text.writet   0x00002470       0x10 build/obj/serial.o
 .text.write    0x00002480       0x10 build/obj/serial.o
 .text.gett     0x00002490       0x10 build/obj/serial.o
 .text.get      0x000024a0       0x10 build/obj/serial.o
 .text.putt     0x000024b0       0x10 build/obj/serial.o
 .text.put      0x000024c0       0x10 build/obj/serial.o
 .text.sdInit   0x000024d0       0x10 build/obj/serial.o
                0x000024d0                sdInit
 .text.sdObjectInit
                0x000024e0       0x50 build/obj/serial.o
                0x000024e0                sdObjectInit
 .text.sdStart  0x00002530       0x20 build/obj/serial.o
                0x00002530                sdStart
 .text.osalThreadDequeueNextI
                0x00002550       0x30 build/obj/osal.o
                0x00002550                osalThreadDequeueNextI
 .text.nvicEnableVector
                0x00002580       0x30 build/obj/nvic.o
                0x00002580                nvicEnableVector
 .text.nvicDisableVector
                0x000025b0       0x30 build/obj/nvic.o
                0x000025b0                nvicDisableVector
 .text.nvicSetSystemHandlerPriority
                0x000025e0       0x20 build/obj/nvic.o
                0x000025e0                nvicSetSystemHandlerPriority
 .text.hal_lld_init
                0x00002600       0x10 build/obj/hal_lld.o
                0x00002600                hal_lld_init
 .text.kl2x_clock_init
                0x00002610       0x80 build/obj/hal_lld.o
                0x00002610                kl2x_clock_init
 .text._pal_lld_init
                0x00002690      0x150 build/obj/pal_lld.o
                0x00002690                _pal_lld_init
 .text.notify1  0x000027e0       0x50 build/obj/serial_lld.o
 .text.Vector70
                0x00002830       0xb0 build/obj/serial_lld.o
                0x00002830                Vector70
 .text.sd_lld_init
                0x000028e0       0x20 build/obj/serial_lld.o
                0x000028e0                sd_lld_init
 .text.sd_lld_start
                0x00002900       0xa0 build/obj/serial_lld.o
                0x00002900                sd_lld_start
 .text.VectorB8
                0x000029a0       0x70 build/obj/ext_lld.o
                0x000029a0                VectorB8
 .text.VectorBC
                0x00002a10       0x70 build/obj/ext_lld.o
                0x00002a10                VectorBC
 .text.ext_lld_init
                0x00002a80       0x10 build/obj/ext_lld.o
                0x00002a80                ext_lld_init
 .text.Vector7C
                0x00002a90       0x70 build/obj/adc_lld.o
                0x00002a90                Vector7C
 .text.adc_lld_init
                0x00002b00       0x20 build/obj/adc_lld.o
                0x00002b00                adc_lld_init
 .text.adc_lld_start
                0x00002b20       0xa0 build/obj/adc_lld.o
                0x00002b20                adc_lld_start
 .text.adc_lld_start_conversion
                0x00002bc0       0x60 build/obj/adc_lld.o
                0x00002bc0                adc_lld_start_conversion
 .text.SysTick_Handler
                0x00002c20       0x20 build/obj/st_lld.o
                0x00002c20                SysTick_Handler
 .text.st_lld_init
                0x00002c40       0x30 build/obj/st_lld.o
                0x00002c40                st_lld_init
 .text.__early_init
                0x00002c70       0x10 build/obj/board.o
                0x00002c70                __early_init
 .text.boardInit
                0x00002c80       0x10 build/obj/board.o
                0x00002c80                boardInit
 .text.tfp_format
                0x00002c90      0x570 build/obj/printf.o
                0x00002c90                tfp_format
 .text.init_printf
                0x00003200       0x20 build/obj/printf.o
                0x00003200                init_printf
 .text.tfp_printf
                0x00003220       0x30 build/obj/printf.o
                0x00003220                tfp_printf
 .text.FlashInit
                0x00003250       0x10 build/obj/FlashInit.o
                0x00003250                FlashInit
 .text.FlashProgram
                0x00003260       0xa0 build/obj/FlashProgram.o
                0x00003260                FlashProgram
 .text.FlashProgramCheck
                0x00003300       0xc0 build/obj/FlashProgramCheck.o
                0x00003300                FlashProgramCheck
 .text.FlashVerifySection
                0x000033c0       0x50 build/obj/FlashVerifySection.o
                0x000033c0                FlashVerifySection
 .text.FlashEraseSector
                0x00003410       0x90 build/obj/FlashEraseSector.o
                0x00003410                FlashEraseSector
 .text.FlashCommandSequence
                0x000034a0       0x30 build/obj/FlashCommandSequence.o
                0x000034a0                FlashCommandSequence
 .text.RelocateFunction
                0x000034d0       0x30 build/obj/CopyToRam.o
                0x000034d0                RelocateFunction
 .text.__aeabi_memcpy8_impl
                0x00003500       0x10 build/obj/__aeabi.o
                0x00003500                __aeabi_memcpy8_impl
                0x00003500                __aeabi_memcpy8@@LIBC_N
 .text.__aeabi_memcpy4_impl
                0x00003510       0x10 build/obj/__aeabi.o
                0x00003510                __aeabi_memcpy4_impl
                0x00003510                __aeabi_memcpy4@@LIBC_N
 .text.__aeabi_memcpy_impl
                0x00003520       0x10 build/obj/__aeabi.o
                0x00003520                __aeabi_memcpy_impl
                0x00003520                __aeabi_memcpy@@LIBC_N
 .text.__aeabi_memmove8_impl
                0x00003530       0x10 build/obj/__aeabi.o
                0x00003530                __aeabi_memmove8_impl
                0x00003530                __aeabi_memmove8@@LIBC_N
 .text.__aeabi_memmove4_impl
                0x00003540       0x10 build/obj/__aeabi.o
                0x00003540                __aeabi_memmove4@@LIBC_N
                0x00003540                __aeabi_memmove4_impl
 .text.__aeabi_memmove_impl
                0x00003550       0x10 build/obj/__aeabi.o
                0x00003550                __aeabi_memmove_impl
                0x00003550                __aeabi_memmove@@LIBC_N
 .text.__aeabi_memset8_impl
                0x00003560       0x10 build/obj/__aeabi.o
                0x00003560                __aeabi_memset8_impl
                0x00003560                __aeabi_memset8@@LIBC_N
 .text.__aeabi_memset4_impl
                0x00003570       0x10 build/obj/__aeabi.o
                0x00003570                __aeabi_memset4@@LIBC_N
                0x00003570                __aeabi_memset4_impl
 .text.__aeabi_memset_impl
                0x00003580       0x10 build/obj/__aeabi.o
                0x00003580                __aeabi_memset@@LIBC_N
                0x00003580                __aeabi_memset_impl
 .text.__aeabi_memclr8_impl
                0x00003590       0x10 build/obj/__aeabi.o
                0x00003590                __aeabi_memclr8_impl
                0x00003590                __aeabi_memclr8@@LIBC_N
 .text.__aeabi_memclr4_impl
                0x000035a0       0x10 build/obj/__aeabi.o
                0x000035a0                __aeabi_memclr4_impl
                0x000035a0                __aeabi_memclr4@@LIBC_N
 .text.__aeabi_memclr_impl
                0x000035b0       0x10 build/obj/__aeabi.o
                0x000035b0                __aeabi_memclr_impl
                0x000035b0                __aeabi_memclr@@LIBC_N
 .text._Z15attachInterruptiPFvvE8irq_mode
                0x000035c0       0x10 build/obj/arduino-irqs.o
                0x000035c0                attachInterrupt(int, void (*)(), irq_mode)
 .text._Z15detachInterrupti
                0x000035d0       0x10 build/obj/arduino-irqs.o
                0x000035d0                detachInterrupt(int)
 .text._Z6millisv
                0x000035e0       0x10 build/obj/arduino-time.o
                0x000035e0                millis()
 .text._Z6microsv
                0x000035f0       0x10 build/obj/arduino-time.o
                0x000035f0                micros()
 .text._Z5delaym
                0x00003600       0x10 build/obj/arduino-time.o
                0x00003600                delay(unsigned long)
 .text._Z17delayMicrosecondsj
                0x00003610       0x10 build/obj/arduino-time.o
                0x00003610                delayMicroseconds(unsigned int)
 .text._Z7pinModei8pin_mode
                0x00003620       0xc0 build/obj/arduino-io.o
                0x00003620                pinMode(int, pin_mode)
 .text._Z12digitalWriteii
                0x000036e0       0x50 build/obj/arduino-io.o
                0x000036e0                digitalWrite(int, int)
 .text._Z11digitalReadi
                0x00003730       0x40 build/obj/arduino-io.o
                0x00003730                digitalRead(int)
 .text._Z11analogWriteii
                0x00003770       0x10 build/obj/arduino-io.o
                0x00003770                analogWrite(int, int)
 .text._Z15analogReference21analog_reference_type
                0x00003780       0x10 build/obj/arduino-io.o
                0x00003780                analogReference(analog_reference_type)
 .text._Z10analogReadi
                0x00003790       0x10 build/obj/arduino-io.o
                0x00003790                analogRead(int)
 .text._Z4toneijm
                0x000037a0       0x10 build/obj/arduino-io.o
                0x000037a0                tone(int, unsigned int, unsigned long)
 .text._Z6noTonei
                0x000037b0       0x10 build/obj/arduino-io.o
                0x000037b0                noTone(int)
 .text._Z8shiftOutiiih
                0x000037c0       0x10 build/obj/arduino-io.o
                0x000037c0                shiftOut(int, int, int, unsigned char)
 .text._Z7shiftIniii
                0x000037d0       0x10 build/obj/arduino-io.o
                0x000037d0                shiftIn(int, int, int)
 .text._Z7pulseInihm
                0x000037e0       0x10 build/obj/arduino-io.o
                0x000037e0                pulseIn(int, unsigned char, unsigned long)
 .text._Z11pulseInLongihm
                0x000037f0       0x10 build/obj/arduino-io.o
                0x000037f0                pulseInLong(int, unsigned char, unsigned long)
 .text._Z3maplllll
                0x00003800       0x10 build/obj/arduino-math.o
                0x00003800                map(long, long, long, long, long)
 .text._Z6randomll
                0x00003810       0x10 build/obj/arduino-math.o
                0x00003810                random(long, long)
 .text._Z10randomSeedm
                0x00003820       0x10 build/obj/arduino-math.o
                0x00003820                randomSeed(unsigned long)
 .text.memcmp   0x00003830       0x1e lib/libc-nano-armv6-m.a(lib_a-memcmp.o)
                0x00003830                memcmp
 *fill*         0x0000384e        0x2 
 .text.memcpy   0x00003850       0x12 lib/libc-nano-armv6-m.a(lib_a-memcpy.o)
                0x00003850                memcpy
 *fill*         0x00003862        0xe 
 .text.memmove  0x00003870       0x28 lib/libc-nano-armv6-m.a(lib_a-memmove.o)
                0x00003870                memmove
 *fill*         0x00003898        0x8 
 .text.memset   0x000038a0       0x10 lib/libc-nano-armv6-m.a(lib_a-memset.o)
                0x000038a0                memset
 *(.rodata)
 .rodata        0x000038b0      0x100 lib/armv6-m-libgcc.a(_popcount_tab.o)
                0x000038b0                __popcount_tab
 *(.rodata.*)
 .rodata.adccfg1
                0x000039b0        0x4 build/obj/main.o
 *fill*         0x000039b4        0xc 
 .rodata.nil_thd_configs
                0x000039c0       0x28 build/obj/main.o
                0x000039c0                nil_thd_configs
 *fill*         0x000039e8        0x8 
 .rodata.str1.4
                0x000039f0       0x61 build/obj/main.o
                                 0x64 (size before relaxing)
 *fill*         0x00003a51        0xf 
 .rodata.serialConfig
                0x00003a60        0x4 build/obj/main.o
 *fill*         0x00003a64        0xc 
 .rodata.str1.4
                0x00003a70       0x29 build/obj/gitversion.o
                                 0x2c (size before relaxing)
 *fill*         0x00003a99        0x7 
 .rodata.adcgrpmic
                0x00003aa0       0x18 build/obj/analog.o
 *fill*         0x00003ab8        0x8 
 .rodata.str1.4
                0x00003ac0       0xa8 build/obj/updater.o
 *fill*         0x00003b68        0x8 
 .rodata.str1.4
                0x00003b70      0x12f build/obj/flash.o
                                0x134 (size before relaxing)
 *fill*         0x00003c9f        0x1 
 .rodata.str1.4
                0x00003ca0       0x10 build/obj/nil.o
 .rodata.vmt    0x00003cb0       0x20 build/obj/serial.o
 .rodata._pal_lld_init
                0x00003cd0       0x5c build/obj/pal_lld.o
 *fill*         0x00003d2c        0x4 
 .rodata.default_config
                0x00003d30        0x4 build/obj/serial_lld.o
 *fill*         0x00003d34        0xc 
 .rodata.pal_default_config
                0x00003d40       0x48 build/obj/board.o
                0x00003d40                pal_default_config
 *(.glue_7t)
 .glue_7t       0x00003d88        0x0 linker stubs
 *(.glue_7)
 .glue_7        0x00003d88        0x0 linker stubs
 *(.gcc*)

.vfp11_veneer   0x00003d88        0x0
 .vfp11_veneer  0x00003d88        0x0 linker stubs

.v4_bx          0x00003d88        0x0
 .v4_bx         0x00003d88        0x0 linker stubs

.iplt           0x00003d88        0x0
 .iplt          0x00003d88        0x0 build/obj/crt0_v6m.o

.ARM.extab
 *(.ARM.extab* .gnu.linkonce.armextab.*)

.ARM.exidx      0x00003d88        0x8
                0x00003d88                __exidx_start = .
 *(.ARM.exidx* .gnu.linkonce.armexidx.*)
 .ARM.exidx.text._Z15attachInterruptiPFvvE8irq_mode
                0x00003d90        0x0 build/obj/arduino-irqs.o
                                  0x8 (size before relaxing)
 .ARM.exidx.text._Z15detachInterrupti
                0x00003d90        0x0 build/obj/arduino-irqs.o
                                  0x8 (size before relaxing)
 .ARM.exidx.text._Z6millisv
                0x00003d90        0x0 build/obj/arduino-time.o
                                  0x8 (size before relaxing)
 .ARM.exidx.text._Z6microsv
                0x00003d90        0x0 build/obj/arduino-time.o
                                  0x8 (size before relaxing)
 .ARM.exidx.text._Z5delaym
                0x00003d90        0x0 build/obj/arduino-time.o
                                  0x8 (size before relaxing)
 .ARM.exidx.text._Z17delayMicrosecondsj
                0x00003d90        0x0 build/obj/arduino-time.o
                                  0x8 (size before relaxing)
 .ARM.exidx.text._Z7pinModei8pin_mode
                0x00003d90        0x0 build/obj/arduino-io.o
                                  0x8 (size before relaxing)
 .ARM.exidx.text._Z12digitalWriteii
                0x00003d90        0x0 build/obj/arduino-io.o
                                  0x8 (size before relaxing)
 .ARM.exidx.text._Z11digitalReadi
                0x00003d90        0x0 build/obj/arduino-io.o
                                  0x8 (size before relaxing)
 .ARM.exidx.text._Z11analogWriteii
                0x00003d90        0x0 build/obj/arduino-io.o
                                  0x8 (size before relaxing)
 .ARM.exidx.text._Z15analogReference21analog_reference_type
                0x00003d90        0x0 build/obj/arduino-io.o
                                  0x8 (size before relaxing)
 .ARM.exidx.text._Z10analogReadi
                0x00003d90        0x0 build/obj/arduino-io.o
                                  0x8 (size before relaxing)
 .ARM.exidx.text._Z4toneijm
                0x00003d90        0x0 build/obj/arduino-io.o
                                  0x8 (size before relaxing)
 .ARM.exidx.text._Z6noTonei
                0x00003d90        0x0 build/obj/arduino-io.o
                                  0x8 (size before relaxing)
 .ARM.exidx.text._Z8shiftOutiiih
                0x00003d90        0x0 build/obj/arduino-io.o
                                  0x8 (size before relaxing)
 .ARM.exidx.text._Z7shiftIniii
                0x00003d90        0x0 build/obj/arduino-io.o
                                  0x8 (size before relaxing)
 .ARM.exidx.text._Z7pulseInihm
                0x00003d90        0x0 build/obj/arduino-io.o
                                  0x8 (size before relaxing)
 .ARM.exidx.text._Z11pulseInLongihm
                0x00003d90        0x0 build/obj/arduino-io.o
                                  0x8 (size before relaxing)
 .ARM.exidx.text._Z3maplllll
                0x00003d90        0x0 build/obj/arduino-math.o
                                  0x8 (size before relaxing)
 .ARM.exidx.text._Z6randomll
                0x00003d90        0x0 build/obj/arduino-math.o
                                  0x8 (size before relaxing)
 .ARM.exidx.text._Z10randomSeedm
                0x00003d90        0x0 build/obj/arduino-math.o
                                  0x8 (size before relaxing)
 .ARM.exidx     0x00003d88        0x8 lib/armv6-m-libgcc.a(_divdi3.o)
 .ARM.exidx     0x00003d90        0x0 lib/armv6-m-libgcc.a(_udivdi3.o)
                                  0x8 (size before relaxing)
                0x00003d90                __exidx_end = .

.eh_frame_hdr   0x00003d90        0x0
 *(.eh_frame_hdr)
 .eh_frame_hdr  0x00003d90        0x0 lib/libc-nano-armv6-m.a(lib_a-memset.o)

.eh_frame
 *(.eh_frame)

.textalign      0x00003d90        0x0
                0x00003d90                . = ALIGN (0x8)
                0x00003d90                . = ALIGN (0x4)
                0x00003d90                PROVIDE (_etext, .)

.mstack         0x1ffffc00       0x80
                0x1ffffc00                . = ALIGN (0x8)
                0x1ffffc00                __main_stack_base__ = .
                0x1ffffc80                . = (. + __main_stack_size__)
 *fill*         0x1ffffc00       0x80 
                0x1ffffc80                . = ALIGN (0x8)
                0x1ffffc80                __main_stack_end__ = .

.pstack         0x1ffffc80      0x100
                0x1ffffc80                __process_stack_base__ = .
                0x1ffffc80                __main_thread_stack_base__ = .
                0x1ffffd80                . = (. + __process_stack_size__)
 *fill*         0x1ffffc80      0x100 
                0x1ffffd80                . = ALIGN (0x8)
                0x1ffffd80                __process_stack_end__ = .
                0x1ffffd80                __main_thread_stack_end__ = .

.data           0x1ffffd80      0x114 load address 0x00003d90
                0x1ffffd80                . = ALIGN (0x4)
                0x00003d90                PROVIDE (_textdata, LOADADDR (.data))
                0x1ffffd80                PROVIDE (_data, .)
                0x00003d90                _textdata_start = LOADADDR (.data)
                0x1ffffd80                _data_start = .
 *(.data)
 *(.data.*)
 .data.gitversion
                0x1ffffd80        0x4 build/obj/gitversion.o
                0x1ffffd80                gitversion
 .data.storageHdr
                0x1ffffd84        0x4 build/obj/updater.o
                0x1ffffd84                storageHdr
 .data.pkt_len  0x1ffffd88        0x2 build/obj/mac.o
 *fill*         0x1ffffd8a        0x2 
 .data.g_bitpos
                0x1ffffd8c        0x4 build/obj/mac.o
 .data.g_FlashLaunchCommand
                0x1ffffd90        0x4 build/obj/flash.o
                0x1ffffd90                g_FlashLaunchCommand
 .data.flashSSDConfig
                0x1ffffd94       0x24 build/obj/flash.o
                0x1ffffd94                flashSSDConfig
 .data.SysCall_Table
                0x1ffffdb8       0xdc build/obj/syscalls.o
                0x1ffffdb8                SysCall_Table
 *(.ramtext)
                0x1ffffe94                . = ALIGN (0x4)
                0x1ffffe94                PROVIDE (_edata, .)
                0x1ffffe94                _data_end = .

.igot.plt       0x1ffffe94        0x0 load address 0x00003ea4
 .igot.plt      0x1ffffe94        0x0 build/obj/crt0_v6m.o

.bss            0x1ffffe98      0xc80 load address 0x00003ea4
                0x1ffffe98                . = ALIGN (0x4)
                0x1ffffe98                _bss_start = .
 *(.bss)
 *(.bss.*)
 .bss.stream    0x1ffffe98        0x4 build/obj/main.o
                0x1ffffe98                stream
 *fill*         0x1ffffe9c        0x4 
 .bss.waThread1
                0x1ffffea0      0x268 build/obj/main.o
 .bss.bufloc    0x20000108        0x4 build/obj/main.o
                0x20000108                bufloc
 .bss.buf_n     0x2000010c        0x4 build/obj/main.o
                0x2000010c                buf_n
 .bss.dataReadyFlag
                0x20000110        0x1 build/obj/main.o
                0x20000110                dataReadyFlag
 *fill*         0x20000111        0x3 
 .bss.HARDFAULT_PSP
                0x20000114        0x4 build/obj/orchard-vectors.o
                0x20000114                HARDFAULT_PSP
 .bss.mic_sample
                0x20000118      0x400 build/obj/analog.o
 .bss.fsk_state
                0x20000518       0x34 build/obj/demod.o
 .bss.dm_buf    0x2000054c      0x200 build/obj/demod.o
                0x2000054c                dm_buf
 .bss.astate    0x2000074c        0x4 build/obj/updater.o
 .bss.pktBuf    0x20000750      0x108 build/obj/mac.o
                0x20000750                pktBuf
 .bss.mac_sync  0x20000858        0x4 build/obj/mac.o
 .bss.wordcnt   0x2000085c        0x1 build/obj/mac.o
 *fill*         0x2000085d        0x1 
 .bss.pktPtr    0x2000085e        0x2 build/obj/mac.o
                0x2000085e                pktPtr
 .bss.pktReady  0x20000860        0x1 build/obj/mac.o
                0x20000860                pktReady
 .bss.idle_zeros
                0x20000861        0x1 build/obj/mac.o
 .bss.g_curbyte
                0x20000862        0x1 build/obj/mac.o
 *fill*         0x20000863        0x1 
 .bss.mstate    0x20000864        0x4 build/obj/mac.o
 .bss.__ram_func
                0x20000868      0x100 build/obj/flash.o
                0x20000868                __ram_func
 .bss.gCallBackCnt
                0x20000968        0x4 build/obj/flash.o
                0x20000968                gCallBackCnt
 .bss.__ram_for_callback
                0x2000096c       0x80 build/obj/flash.o
                0x2000096c                __ram_for_callback
 .bss.nil       0x200009ec       0x40 build/obj/nil.o
                0x200009ec                nil
 .bss.SD1       0x20000a2c       0x78 build/obj/serial_lld.o
                0x20000a2c                SD1
 .bss.EXTD1     0x20000aa4        0x8 build/obj/ext_lld.o
                0x20000aa4                EXTD1
 .bss.portb_channel_map
                0x20000aac       0x20 build/obj/ext_lld.o
                0x20000aac                portb_channel_map
 .bss.porta_channel_map
                0x20000acc       0x20 build/obj/ext_lld.o
                0x20000acc                porta_channel_map
 .bss.ADCD1     0x20000aec       0x24 build/obj/adc_lld.o
                0x20000aec                ADCD1
 .bss.stdout_putf
                0x20000b10        0x4 build/obj/printf.o
 .bss.stdout_putp
                0x20000b14        0x4 build/obj/printf.o
 *(COMMON)
                0x20000b18                . = ALIGN (0x4)
                0x20000b18                _bss_end = .
                0x20000b18                PROVIDE (end, .)

.ram0_init      0x20000b18        0x0 load address 0x00003ea4
                0x20000b18                . = ALIGN (0x4)
                0x00003ea4                __ram0_init_text__ = LOADADDR (.ram0_init)
                0x20000b18                __ram0_init__ = .
 *(.ram0_init)
 *(.ram0_init.*)
                0x20000b18                . = ALIGN (0x4)

.ram0           0x20000b18        0x0 load address 0x00003ea4
                0x20000b18                . = ALIGN (0x4)
                0x20000b18                __ram0_clear__ = .
 *(.ram0_clear)
 *(.ram0_clear.*)
                0x20000b18                . = ALIGN (0x4)
                0x20000b18                __ram0_noinit__ = .
 *(.ram0)
 *(.ram0.*)
                0x20000b18                . = ALIGN (0x4)
                0x20000b18                __ram0_free__ = .

.ram1_init      0x00000000        0x0 load address 0x00003ea4
                0x00000000                . = ALIGN (0x4)
                0x00003ea4                __ram1_init_text__ = LOADADDR (.ram1_init)
                0x00000000                __ram1_init__ = .
 *(.ram1_init)
 *(.ram1_init.*)
                0x00000000                . = ALIGN (0x4)

.ram1           0x00000000        0x0 load address 0x00003ea4
                0x00000000                . = ALIGN (0x4)
                0x00000000                __ram1_clear__ = .
 *(.ram1_clear)
 *(.ram1_clear.*)
                0x00000000                . = ALIGN (0x4)
                0x00000000                __ram1_noinit__ = .
 *(.ram1)
 *(.ram1.*)
                0x00000000                . = ALIGN (0x4)
                0x00000000                __ram1_free__ = .

.ram2_init      0x00000000        0x0 load address 0x00003ea4
                0x00000000                . = ALIGN (0x4)
                0x00003ea4                __ram2_init_text__ = LOADADDR (.ram2_init)
                0x00000000                __ram2_init__ = .
 *(.ram2_init)
 *(.ram2_init.*)
                0x00000000                . = ALIGN (0x4)

.ram2           0x00000000        0x0 load address 0x00003ea4
                0x00000000                . = ALIGN (0x4)
                0x00000000                __ram2_clear__ = .
 *(.ram2_clear)
 *(.ram2_clear.*)
                0x00000000                . = ALIGN (0x4)
                0x00000000                __ram2_noinit__ = .
 *(.ram2)
 *(.ram2.*)
                0x00000000                . = ALIGN (0x4)
                0x00000000                __ram2_free__ = .

.ram3_init      0x00000000        0x0 load address 0x00003ea4
                0x00000000                . = ALIGN (0x4)
                0x00003ea4                __ram3_init_text__ = LOADADDR (.ram3_init)
                0x00000000                __ram3_init__ = .
 *(.ram3_init)
 *(.ram3_init.*)
                0x00000000                . = ALIGN (0x4)

.ram3           0x00000000        0x0 load address 0x00003ea4
                0x00000000                . = ALIGN (0x4)
                0x00000000                __ram3_clear__ = .
 *(.ram3_clear)
 *(.ram3_clear.*)
                0x00000000                . = ALIGN (0x4)
                0x00000000                __ram3_noinit__ = .
 *(.ram3)
 *(.ram3.*)
                0x00000000                . = ALIGN (0x4)
                0x00000000                __ram3_free__ = .

.ram4_init      0x00000000        0x0 load address 0x00003ea4
                0x00000000                . = ALIGN (0x4)
                0x00003ea4                __ram4_init_text__ = LOADADDR (.ram4_init)
                0x00000000                __ram4_init__ = .
 *(.ram4_init)
 *(.ram4_init.*)
                0x00000000                . = ALIGN (0x4)

.ram4           0x00000000        0x0 load address 0x00003ea4
                0x00000000                . = ALIGN (0x4)
                0x00000000                __ram4_clear__ = .
 *(.ram4_clear)
 *(.ram4_clear.*)
                0x00000000                . = ALIGN (0x4)
                0x00000000                __ram4_noinit__ = .
 *(.ram4)
 *(.ram4.*)
                0x00000000                . = ALIGN (0x4)
                0x00000000                __ram4_free__ = .

.ram5_init      0x00000000        0x0 load address 0x00003ea4
                0x00000000                . = ALIGN (0x4)
                0x00003ea4                __ram5_init_text__ = LOADADDR (.ram5_init)
                0x00000000                __ram5_init__ = .
 *(.ram5_init)
 *(.ram5_init.*)
                0x00000000                . = ALIGN (0x4)

.ram5           0x00000000        0x0 load address 0x00003ea4
                0x00000000                . = ALIGN (0x4)
                0x00000000                __ram5_clear__ = .
 *(.ram5_clear)
 *(.ram5_clear.*)
                0x00000000                . = ALIGN (0x4)
                0x00000000                __ram5_noinit__ = .
 *(.ram5)
 *(.ram5.*)
                0x00000000                . = ALIGN (0x4)
                0x00000000                __ram5_free__ = .

.ram6_init      0x00000000        0x0 load address 0x00003ea4
                0x00000000                . = ALIGN (0x4)
                0x00003ea4                __ram6_init_text__ = LOADADDR (.ram6_init)
                0x00000000                __ram6_init__ = .
 *(.ram6_init)
 *(.ram6_init.*)
                0x00000000                . = ALIGN (0x4)

.ram6           0x00000000        0x0 load address 0x00003ea4
                0x00000000                . = ALIGN (0x4)
                0x00000000                __ram6_clear__ = .
 *(.ram6_clear)
 *(.ram6_clear.*)
                0x00000000                . = ALIGN (0x4)
                0x00000000                __ram6_noinit__ = .
 *(.ram6)
 *(.ram6.*)
                0x00000000                . = ALIGN (0x4)
                0x00000000                __ram6_free__ = .

.ram7_init      0x00000000        0x0 load address 0x00003ea4
                0x00000000                . = ALIGN (0x4)
                0x00003ea4                __ram7_init_text__ = LOADADDR (.ram7_init)
                0x00000000                __ram7_init__ = .
 *(.ram7_init)
 *(.ram7_init.*)
                0x00000000                . = ALIGN (0x4)

.ram7           0x00000000        0x0 load address 0x00003ea4
                0x00000000                . = ALIGN (0x4)
                0x00000000                __ram7_clear__ = .
 *(.ram7_clear)
 *(.ram7_clear.*)
                0x00000000                . = ALIGN (0x4)
                0x00000000                __ram7_noinit__ = .
 *(.ram7)
 *(.ram7.*)
                0x00000000                . = ALIGN (0x4)
                0x00000000                __ram7_free__ = .

.note.gnu.build-id
                0x00003ea4       0x24
                0x00003ea4                . = ALIGN (0x4)
                0x00003ea4                PROVIDE (_note, .)
 *(.note.gnu.build-id)
 .note.gnu.build-id
                0x00003ea4       0x24 linker stubs
                0x00003ec8                . = ALIGN (0x4)
 *(.note.gnu.build-id.*)
                0x00003ec8                . = ALIGN (0x4)
                0x00003ec8                PROVIDE (_enote, .)

.rel.dyn        0x00003ec8        0x0
 .rel.iplt      0x00003ec8        0x0 build/obj/crt0_v6m.o

.heap           0x20000b18       0xe8
                0x20000b18                . = ALIGN (0x8)
                0x20000b18                __heap_base__ = .
                0x20000c00                . = (ORIGIN (HEAP_RAM) + 0x1000)
 *fill*         0x20000b18       0xe8 
                0x20000c00                __heap_end__ = .
                0x00000100                __process_stack_size__ = 0x100
                0x00000080                __main_stack_size__ = 0x80
LOAD lib/armv6-m-libgcc.a
LOAD lib/libc-nano-armv6-m.a
OUTPUT(build/orchard.elf elf32-littlearm)

.ARM.attributes
                0x00000000       0x2f
 .ARM.attributes
                0x00000000       0x21 build/obj/crt0_v6m.o
 .ARM.attributes
                0x00000021       0x21 build/obj/nilcoreasm_v6m.o
 .ARM.attributes
                0x00000042       0x21 build/obj/run_app.o
 .ARM.attributes
                0x00000063       0x23 build/obj/svc_handler.o
 .ARM.attributes
                0x00000086       0x31 build/obj/main.o
 .ARM.attributes
                0x000000b7       0x31 build/obj/orchard-vectors.o
 .ARM.attributes
                0x000000e8       0x31 build/obj/gitversion.o
 .ARM.attributes
                0x00000119       0x31 build/obj/analog.o
 .ARM.attributes
                0x0000014a       0x31 build/obj/demod.o
 .ARM.attributes
                0x0000017b       0x31 build/obj/murmur3.o
 .ARM.attributes
                0x000001ac       0x31 build/obj/updater.o
 .ARM.attributes
                0x000001dd       0x31 build/obj/mac.o
 .ARM.attributes
                0x0000020e       0x31 build/obj/flash.o
 .ARM.attributes
                0x0000023f       0x31 build/obj/crt1.o
 .ARM.attributes
                0x00000270       0x31 build/obj/vectors.o
 .ARM.attributes
                0x000002a1       0x31 build/obj/nilcore_v6m.o
 .ARM.attributes
                0x000002d2       0x31 build/obj/nil.o
 .ARM.attributes
                0x00000303       0x31 build/obj/hal.o
 .ARM.attributes
                0x00000334       0x31 build/obj/st.o
 .ARM.attributes
                0x00000365       0x31 build/obj/hal_queues.o
 .ARM.attributes
                0x00000396       0x31 build/obj/adc.o
 .ARM.attributes
                0x000003c7       0x31 build/obj/ext.o
 .ARM.attributes
                0x000003f8       0x31 build/obj/serial.o
 .ARM.attributes
                0x00000429       0x31 build/obj/osal.o
 .ARM.attributes
                0x0000045a       0x31 build/obj/nvic.o
 .ARM.attributes
                0x0000048b       0x31 build/obj/hal_lld.o
 .ARM.attributes
                0x000004bc       0x31 build/obj/pal_lld.o
 .ARM.attributes
                0x000004ed       0x31 build/obj/serial_lld.o
 .ARM.attributes
                0x0000051e       0x31 build/obj/ext_lld.o
 .ARM.attributes
                0x0000054f       0x31 build/obj/adc_lld.o
 .ARM.attributes
                0x00000580       0x31 build/obj/st_lld.o
 .ARM.attributes
                0x000005b1       0x31 build/obj/board.o
 .ARM.attributes
                0x000005e2       0x31 build/obj/printf.o
 .ARM.attributes
                0x00000613       0x31 build/obj/FlashInit.o
 .ARM.attributes
                0x00000644       0x31 build/obj/FlashProgram.o
 .ARM.attributes
                0x00000675       0x31 build/obj/FlashProgramCheck.o
 .ARM.attributes
                0x000006a6       0x31 build/obj/FlashVerifySection.o
 .ARM.attributes
                0x000006d7       0x31 build/obj/FlashEraseSector.o
 .ARM.attributes
                0x00000708       0x31 build/obj/FlashCommandSequence.o
 .ARM.attributes
                0x00000739       0x31 build/obj/CopyToRam.o
 .ARM.attributes
                0x0000076a       0x31 build/obj/__aeabi.o
 .ARM.attributes
                0x0000079b       0x31 build/obj/syscalls.o
 .ARM.attributes
                0x000007cc       0x31 build/obj/arduino-irqs.o
 .ARM.attributes
                0x000007fd       0x31 build/obj/arduino-time.o
 .ARM.attributes
                0x0000082e       0x31 build/obj/arduino-io.o
 .ARM.attributes
                0x0000085f       0x31 build/obj/arduino-math.o
 .ARM.attributes
                0x00000890       0x1e lib/armv6-m-libgcc.a(_udivsi3.o)
 .ARM.attributes
                0x000008ae       0x1e lib/armv6-m-libgcc.a(_divsi3.o)
 .ARM.attributes
                0x000008cc       0x1e lib/armv6-m-libgcc.a(_dvmd_tls.o)
 .ARM.attributes
                0x000008ea       0x1e lib/armv6-m-libgcc.a(_lshrdi3.o)
 .ARM.attributes
                0x00000908       0x1e lib/armv6-m-libgcc.a(_ashrdi3.o)
 .ARM.attributes
                0x00000926       0x1e lib/armv6-m-libgcc.a(_ashldi3.o)
 .ARM.attributes
                0x00000944       0x1e lib/armv6-m-libgcc.a(_arm_cmpdf2.o)
 .ARM.attributes
                0x00000962       0x1e lib/armv6-m-libgcc.a(_aeabi_ldivmod.o)
 .ARM.attributes
                0x00000980       0x1e lib/armv6-m-libgcc.a(_aeabi_uldivmod.o)
 .ARM.attributes
                0x0000099e       0x2c lib/armv6-m-libgcc.a(_muldi3.o)
 .ARM.attributes
                0x000009ca       0x2c lib/armv6-m-libgcc.a(_popcount_tab.o)
 .ARM.attributes
                0x000009f6       0x2c lib/armv6-m-libgcc.a(_popcountsi2.o)
 .ARM.attributes
                0x00000a22       0x2c lib/armv6-m-libgcc.a(bpabi.o)
 .ARM.attributes
                0x00000a4e       0x2c lib/armv6-m-libgcc.a(eqdf2.o)
 .ARM.attributes
                0x00000a7a       0x2c lib/armv6-m-libgcc.a(gedf2.o)
 .ARM.attributes
                0x00000aa6       0x2c lib/armv6-m-libgcc.a(ledf2.o)
 .ARM.attributes
                0x00000ad2       0x2c lib/armv6-m-libgcc.a(_divdi3.o)
 .ARM.attributes
                0x00000afe       0x2c lib/armv6-m-libgcc.a(_udivdi3.o)
 .ARM.attributes
                0x00000b2a       0x1e lib/armv6-m-libgcc.a(_clzdi2.o)
 .ARM.attributes
                0x00000b48       0x1e lib/armv6-m-libgcc.a(_clzsi2.o)
 .ARM.attributes
                0x00000b66       0x2c lib/libc-nano-armv6-m.a(lib_a-memcmp.o)
 .ARM.attributes
                0x00000b92       0x2c lib/libc-nano-armv6-m.a(lib_a-memcpy.o)
 .ARM.attributes
                0x00000bbe       0x2c lib/libc-nano-armv6-m.a(lib_a-memmove.o)
 .ARM.attributes
                0x00000bea       0x2c lib/libc-nano-armv6-m.a(lib_a-memset.o)

.comment        0x00000000       0x1d
 .comment       0x00000000       0x1d build/obj/main.o
                                 0x1e (size before relaxing)
 .comment       0x0000001d       0x1e build/obj/orchard-vectors.o
 .comment       0x0000001d       0x1e build/obj/gitversion.o
 .comment       0x0000001d       0x1e build/obj/analog.o
 .comment       0x0000001d       0x1e build/obj/demod.o
 .comment       0x0000001d       0x1e build/obj/murmur3.o
 .comment       0x0000001d       0x1e build/obj/updater.o
 .comment       0x0000001d       0x1e build/obj/mac.o
 .comment       0x0000001d       0x1e build/obj/flash.o
 .comment       0x0000001d       0x1e build/obj/crt1.o
 .comment       0x0000001d       0x1e build/obj/vectors.o
 .comment       0x0000001d       0x1e build/obj/nilcore_v6m.o
 .comment       0x0000001d       0x1e build/obj/nil.o
 .comment       0x0000001d       0x1e build/obj/hal.o
 .comment       0x0000001d       0x1e build/obj/st.o
 .comment       0x0000001d       0x1e build/obj/hal_queues.o
 .comment       0x0000001d       0x1e build/obj/adc.o
 .comment       0x0000001d       0x1e build/obj/ext.o
 .comment       0x0000001d       0x1e build/obj/serial.o
 .comment       0x0000001d       0x1e build/obj/osal.o
 .comment       0x0000001d       0x1e build/obj/nvic.o
 .comment       0x0000001d       0x1e build/obj/hal_lld.o
 .comment       0x0000001d       0x1e build/obj/pal_lld.o
 .comment       0x0000001d       0x1e build/obj/serial_lld.o
 .comment       0x0000001d       0x1e build/obj/ext_lld.o
 .comment       0x0000001d       0x1e build/obj/adc_lld.o
 .comment       0x0000001d       0x1e build/obj/st_lld.o
 .comment       0x0000001d       0x1e build/obj/board.o
 .comment       0x0000001d       0x1e build/obj/printf.o
 .comment       0x0000001d       0x1e build/obj/FlashInit.o
 .comment       0x0000001d       0x1e build/obj/FlashProgram.o
 .comment       0x0000001d       0x1e build/obj/FlashProgramCheck.o
 .comment       0x0000001d       0x1e build/obj/FlashVerifySection.o
 .comment       0x0000001d       0x1e build/obj/FlashEraseSector.o
 .comment       0x0000001d       0x1e build/obj/FlashCommandSequence.o
 .comment       0x0000001d       0x1e build/obj/CopyToRam.o
 .comment       0x0000001d       0x1e build/obj/__aeabi.o
 .comment       0x0000001d       0x1e build/obj/syscalls.o
 .comment       0x0000001d       0x1e build/obj/arduino-irqs.o
 .comment       0x0000001d       0x1e build/obj/arduino-time.o
 .comment       0x0000001d       0x1e build/obj/arduino-io.o
 .comment       0x0000001d       0x1e build/obj/arduino-math.o

.note.GNU-stack
                0x00000000        0x0
 .note.GNU-stack
                0x00000000        0x0 build/obj/main.o
 .note.GNU-stack
                0x00000000        0x0 build/obj/orchard-vectors.o
 .note.GNU-stack
                0x00000000        0x0 build/obj/gitversion.o
 .note.GNU-stack
                0x00000000        0x0 build/obj/analog.o
 .note.GNU-stack
                0x00000000        0x0 build/obj/demod.o
 .note.GNU-stack
                0x00000000        0x0 build/obj/murmur3.o
 .note.GNU-stack
                0x00000000        0x0 build/obj/updater.o
 .note.GNU-stack
                0x00000000        0x0 build/obj/mac.o
 .note.GNU-stack
                0x00000000        0x0 build/obj/flash.o
 .note.GNU-stack
                0x00000000        0x0 build/obj/crt1.o
 .note.GNU-stack
                0x00000000        0x0 build/obj/vectors.o
 .note.GNU-stack
                0x00000000        0x0 build/obj/nilcore_v6m.o
 .note.GNU-stack
                0x00000000        0x0 build/obj/nil.o
 .note.GNU-stack
                0x00000000        0x0 build/obj/hal.o
 .note.GNU-stack
                0x00000000        0x0 build/obj/st.o
 .note.GNU-stack
                0x00000000        0x0 build/obj/hal_queues.o
 .note.GNU-stack
                0x00000000        0x0 build/obj/adc.o
 .note.GNU-stack
                0x00000000        0x0 build/obj/ext.o
 .note.GNU-stack
                0x00000000        0x0 build/obj/serial.o
 .note.GNU-stack
                0x00000000        0x0 build/obj/osal.o
 .note.GNU-stack
                0x00000000        0x0 build/obj/nvic.o
 .note.GNU-stack
                0x00000000        0x0 build/obj/hal_lld.o
 .note.GNU-stack
                0x00000000        0x0 build/obj/pal_lld.o
 .note.GNU-stack
                0x00000000        0x0 build/obj/serial_lld.o
 .note.GNU-stack
                0x00000000        0x0 build/obj/ext_lld.o
 .note.GNU-stack
                0x00000000        0x0 build/obj/adc_lld.o
 .note.GNU-stack
                0x00000000        0x0 build/obj/st_lld.o
 .note.GNU-stack
                0x00000000        0x0 build/obj/board.o
 .note.GNU-stack
                0x00000000        0x0 build/obj/printf.o
 .note.GNU-stack
                0x00000000        0x0 build/obj/FlashInit.o
 .note.GNU-stack
                0x00000000        0x0 build/obj/FlashProgram.o
 .note.GNU-stack
                0x00000000        0x0 build/obj/FlashProgramCheck.o
 .note.GNU-stack
                0x00000000        0x0 build/obj/FlashVerifySection.o
 .note.GNU-stack
                0x00000000        0x0 build/obj/FlashEraseSector.o
 .note.GNU-stack
                0x00000000        0x0 build/obj/FlashCommandSequence.o
 .note.GNU-stack
                0x00000000        0x0 build/obj/CopyToRam.o
 .note.GNU-stack
                0x00000000        0x0 build/obj/__aeabi.o
 .note.GNU-stack
                0x00000000        0x0 build/obj/syscalls.o
 .note.GNU-stack
                0x00000000        0x0 build/obj/arduino-irqs.o
 .note.GNU-stack
                0x00000000        0x0 build/obj/arduino-time.o
 .note.GNU-stack
                0x00000000        0x0 build/obj/arduino-io.o
 .note.GNU-stack
                0x00000000        0x0 build/obj/arduino-math.o

.debug_info     0x00000000    0x11def
 .debug_info    0x00000000     0x1573 build/obj/main.o
 .debug_info    0x00001573      0x3b3 build/obj/orchard-vectors.o
 .debug_info    0x00001926       0x41 build/obj/gitversion.o
 .debug_info    0x00001967      0x795 build/obj/analog.o
 .debug_info    0x000020fc      0x5b4 build/obj/demod.o
 .debug_info    0x000026b0      0x280 build/obj/murmur3.o
 .debug_info    0x00002930      0xb7b build/obj/updater.o
 .debug_info    0x000034ab      0x440 build/obj/mac.o
 .debug_info    0x000038eb      0xa28 build/obj/flash.o
 .debug_info    0x00004313      0x206 build/obj/crt1.o
 .debug_info    0x00004519      0x1a6 build/obj/vectors.o
 .debug_info    0x000046bf      0x515 build/obj/nilcore_v6m.o
 .debug_info    0x00004bd4     0x1f83 build/obj/nil.o
 .debug_info    0x00006b57      0x497 build/obj/hal.o
 .debug_info    0x00006fee      0x41d build/obj/st.o
 .debug_info    0x0000740b      0xc90 build/obj/hal_queues.o
 .debug_info    0x0000809b      0xb97 build/obj/adc.o
 .debug_info    0x00008c32      0x913 build/obj/ext.o
 .debug_info    0x00009545     0x11f6 build/obj/serial.o
 .debug_info    0x0000a73b      0x442 build/obj/osal.o
 .debug_info    0x0000ab7d      0x563 build/obj/nvic.o
 .debug_info    0x0000b0e0      0x613 build/obj/hal_lld.o
 .debug_info    0x0000b6f3      0x804 build/obj/pal_lld.o
 .debug_info    0x0000bef7     0x1094 build/obj/serial_lld.o
 .debug_info    0x0000cf8b      0xa83 build/obj/ext_lld.o
 .debug_info    0x0000da0e      0xba7 build/obj/adc_lld.o
 .debug_info    0x0000e5b5      0x4cd build/obj/st_lld.o
 .debug_info    0x0000ea82      0x431 build/obj/board.o
 .debug_info    0x0000eeb3      0xda1 build/obj/printf.o
 .debug_info    0x0000fc54      0x14d build/obj/FlashInit.o
 .debug_info    0x0000fda1      0x204 build/obj/FlashProgram.o
 .debug_info    0x0000ffa5      0x238 build/obj/FlashProgramCheck.o
 .debug_info    0x000101dd      0x1fd build/obj/FlashVerifySection.o
 .debug_info    0x000103da      0x1ee build/obj/FlashEraseSector.o
 .debug_info    0x000105c8      0x186 build/obj/FlashCommandSequence.o
 .debug_info    0x0001074e      0x13b build/obj/CopyToRam.o
 .debug_info    0x00010889      0xa45 build/obj/__aeabi.o
 .debug_info    0x000112ce      0x205 build/obj/syscalls.o
 .debug_info    0x000114d3       0xf4 build/obj/arduino-irqs.o
 .debug_info    0x000115c7      0x10f build/obj/arduino-time.o
 .debug_info    0x000116d6      0x5e4 build/obj/arduino-io.o
 .debug_info    0x00011cba      0x135 build/obj/arduino-math.o

.debug_abbrev   0x00000000     0x49d5
 .debug_abbrev  0x00000000      0x3d2 build/obj/main.o
 .debug_abbrev  0x000003d2      0x169 build/obj/orchard-vectors.o
 .debug_abbrev  0x0000053b       0x3c build/obj/gitversion.o
 .debug_abbrev  0x00000577      0x21f build/obj/analog.o
 .debug_abbrev  0x00000796      0x216 build/obj/demod.o
 .debug_abbrev  0x000009ac      0x144 build/obj/murmur3.o
 .debug_abbrev  0x00000af0      0x307 build/obj/updater.o
 .debug_abbrev  0x00000df7      0x16c build/obj/mac.o
 .debug_abbrev  0x00000f63      0x2bd build/obj/flash.o
 .debug_abbrev  0x00001220      0x154 build/obj/crt1.o
 .debug_abbrev  0x00001374       0xaf build/obj/vectors.o
 .debug_abbrev  0x00001423      0x1eb build/obj/nilcore_v6m.o
 .debug_abbrev  0x0000160e      0x420 build/obj/nil.o
 .debug_abbrev  0x00001a2e      0x194 build/obj/hal.o
 .debug_abbrev  0x00001bc2      0x1b9 build/obj/st.o
 .debug_abbrev  0x00001d7b      0x38f build/obj/hal_queues.o
 .debug_abbrev  0x0000210a      0x285 build/obj/adc.o
 .debug_abbrev  0x0000238f      0x211 build/obj/ext.o
 .debug_abbrev  0x000025a0      0x39c build/obj/serial.o
 .debug_abbrev  0x0000293c      0x18c build/obj/osal.o
 .debug_abbrev  0x00002ac8      0x172 build/obj/nvic.o
 .debug_abbrev  0x00002c3a      0x179 build/obj/hal_lld.o
 .debug_abbrev  0x00002db3      0x248 build/obj/pal_lld.o
 .debug_abbrev  0x00002ffb      0x3ea build/obj/serial_lld.o
 .debug_abbrev  0x000033e5      0x361 build/obj/ext_lld.o
 .debug_abbrev  0x00003746      0x290 build/obj/adc_lld.o
 .debug_abbrev  0x000039d6      0x1c7 build/obj/st_lld.o
 .debug_abbrev  0x00003b9d      0x172 build/obj/board.o
 .debug_abbrev  0x00003d0f      0x28a build/obj/printf.o
 .debug_abbrev  0x00003f99       0x8e build/obj/FlashInit.o
 .debug_abbrev  0x00004027       0xec build/obj/FlashProgram.o
 .debug_abbrev  0x00004113       0xdd build/obj/FlashProgramCheck.o
 .debug_abbrev  0x000041f0       0xec build/obj/FlashVerifySection.o
 .debug_abbrev  0x000042dc       0xda build/obj/FlashEraseSector.o
 .debug_abbrev  0x000043b6       0xb3 build/obj/FlashCommandSequence.o
 .debug_abbrev  0x00004469       0xae build/obj/CopyToRam.o
 .debug_abbrev  0x00004517      0x102 build/obj/__aeabi.o
 .debug_abbrev  0x00004619       0x70 build/obj/syscalls.o
 .debug_abbrev  0x00004689       0xa9 build/obj/arduino-irqs.o
 .debug_abbrev  0x00004732       0x9d build/obj/arduino-time.o
 .debug_abbrev  0x000047cf      0x168 build/obj/arduino-io.o
 .debug_abbrev  0x00004937       0x9e build/obj/arduino-math.o

.debug_loc      0x00000000     0x88b0
 .debug_loc     0x00000000       0xb7 build/obj/main.o
 .debug_loc     0x000000b7       0x21 build/obj/analog.o
 .debug_loc     0x000000d8      0x42b build/obj/demod.o
 .debug_loc     0x00000503      0x51c build/obj/murmur3.o
 .debug_loc     0x00000a1f      0x2c2 build/obj/updater.o
 .debug_loc     0x00000ce1       0x77 build/obj/mac.o
 .debug_loc     0x00000d58      0x395 build/obj/flash.o
 .debug_loc     0x000010ed       0x13 build/obj/crt1.o
 .debug_loc     0x00001100       0xb9 build/obj/nilcore_v6m.o
 .debug_loc     0x000011b9     0x14cf build/obj/nil.o
 .debug_loc     0x00002688      0x61f build/obj/hal_queues.o
 .debug_loc     0x00002ca7      0x281 build/obj/adc.o
 .debug_loc     0x00002f28      0x1a8 build/obj/ext.o
 .debug_loc     0x000030d0      0x621 build/obj/serial.o
 .debug_loc     0x000036f1      0x105 build/obj/osal.o
 .debug_loc     0x000037f6       0xd4 build/obj/nvic.o
 .debug_loc     0x000038ca      0x328 build/obj/pal_lld.o
 .debug_loc     0x00003bf2      0x23a build/obj/serial_lld.o
 .debug_loc     0x00003e2c      0x566 build/obj/ext_lld.o
 .debug_loc     0x00004392      0x101 build/obj/adc_lld.o
 .debug_loc     0x00004493     0x2b08 build/obj/printf.o
 .debug_loc     0x00006f9b       0x21 build/obj/FlashInit.o
 .debug_loc     0x00006fbc      0x288 build/obj/FlashProgram.o
 .debug_loc     0x00007244      0x327 build/obj/FlashProgramCheck.o
 .debug_loc     0x0000756b      0x152 build/obj/FlashVerifySection.o
 .debug_loc     0x000076bd      0x1fb build/obj/FlashEraseSector.o
 .debug_loc     0x000078b8       0xa0 build/obj/FlashCommandSequence.o
 .debug_loc     0x00007958       0xf5 build/obj/CopyToRam.o
 .debug_loc     0x00007a4d      0x9f8 build/obj/__aeabi.o
 .debug_loc     0x00008445       0x28 build/obj/arduino-time.o
 .debug_loc     0x0000846d      0x3e0 build/obj/arduino-io.o
 .debug_loc     0x0000884d       0x63 build/obj/arduino-math.o

.debug_aranges  0x00000000      0xa20
 .debug_aranges
                0x00000000       0x38 build/obj/main.o
 .debug_aranges
                0x00000038       0x40 build/obj/orchard-vectors.o
 .debug_aranges
                0x00000078       0x18 build/obj/gitversion.o
 .debug_aranges
                0x00000090       0x30 build/obj/analog.o
 .debug_aranges
                0x000000c0       0x30 build/obj/demod.o
 .debug_aranges
                0x000000f0       0x20 build/obj/murmur3.o
 .debug_aranges
                0x00000110       0x30 build/obj/updater.o
 .debug_aranges
                0x00000140       0x20 build/obj/mac.o
 .debug_aranges
                0x00000160       0x40 build/obj/flash.o
 .debug_aranges
                0x000001a0       0x40 build/obj/crt1.o
 .debug_aranges
                0x000001e0       0x20 build/obj/vectors.o
 .debug_aranges
                0x00000200       0x28 build/obj/nilcore_v6m.o
 .debug_aranges
                0x00000228       0xd8 build/obj/nil.o
 .debug_aranges
                0x00000300       0x20 build/obj/hal.o
 .debug_aranges
                0x00000320       0x40 build/obj/st.o
 .debug_aranges
                0x00000360       0x68 build/obj/hal_queues.o
 .debug_aranges
                0x000003c8       0x58 build/obj/adc.o
 .debug_aranges
                0x00000420       0x50 build/obj/ext.o
 .debug_aranges
                0x00000470       0x98 build/obj/serial.o
 .debug_aranges
                0x00000508       0x28 build/obj/osal.o
 .debug_aranges
                0x00000530       0x38 build/obj/nvic.o
 .debug_aranges
                0x00000568       0x30 build/obj/hal_lld.o
 .debug_aranges
                0x00000598       0x40 build/obj/pal_lld.o
 .debug_aranges
                0x000005d8       0x40 build/obj/serial_lld.o
 .debug_aranges
                0x00000618       0x50 build/obj/ext_lld.o
 .debug_aranges
                0x00000668       0x48 build/obj/adc_lld.o
 .debug_aranges
                0x000006b0       0x28 build/obj/st_lld.o
 .debug_aranges
                0x000006d8       0x28 build/obj/board.o
 .debug_aranges
                0x00000700       0x38 build/obj/printf.o
 .debug_aranges
                0x00000738       0x20 build/obj/FlashInit.o
 .debug_aranges
                0x00000758       0x20 build/obj/FlashProgram.o
 .debug_aranges
                0x00000778       0x20 build/obj/FlashProgramCheck.o
 .debug_aranges
                0x00000798       0x20 build/obj/FlashVerifySection.o
 .debug_aranges
                0x000007b8       0x20 build/obj/FlashEraseSector.o
 .debug_aranges
                0x000007d8       0x20 build/obj/FlashCommandSequence.o
 .debug_aranges
                0x000007f8       0x20 build/obj/CopyToRam.o
 .debug_aranges
                0x00000818       0xe8 build/obj/__aeabi.o
 .debug_aranges
                0x00000900       0x18 build/obj/syscalls.o
 .debug_aranges
                0x00000918       0x28 build/obj/arduino-irqs.o
 .debug_aranges
                0x00000940       0x38 build/obj/arduino-time.o
 .debug_aranges
                0x00000978       0x78 build/obj/arduino-io.o
 .debug_aranges
                0x000009f0       0x30 build/obj/arduino-math.o

.debug_ranges   0x00000000     0x1218
 .debug_ranges  0x00000000       0xc8 build/obj/main.o
 .debug_ranges  0x000000c8       0x30 build/obj/orchard-vectors.o
 .debug_ranges  0x000000f8       0x20 build/obj/analog.o
 .debug_ranges  0x00000118       0x20 build/obj/demod.o
 .debug_ranges  0x00000138       0x58 build/obj/murmur3.o
 .debug_ranges  0x00000190       0xb0 build/obj/updater.o
 .debug_ranges  0x00000240       0x10 build/obj/mac.o
 .debug_ranges  0x00000250       0x30 build/obj/flash.o
 .debug_ranges  0x00000280       0x48 build/obj/crt1.o
 .debug_ranges  0x000002c8       0x10 build/obj/vectors.o
 .debug_ranges  0x000002d8       0x30 build/obj/nilcore_v6m.o
 .debug_ranges  0x00000308      0x280 build/obj/nil.o
 .debug_ranges  0x00000588       0x10 build/obj/hal.o
 .debug_ranges  0x00000598       0x30 build/obj/st.o
 .debug_ranges  0x000005c8       0xf0 build/obj/hal_queues.o
 .debug_ranges  0x000006b8       0x48 build/obj/adc.o
 .debug_ranges  0x00000700       0x40 build/obj/ext.o
 .debug_ranges  0x00000740       0xe8 build/obj/serial.o
 .debug_ranges  0x00000828       0x18 build/obj/osal.o
 .debug_ranges  0x00000840       0x28 build/obj/nvic.o
 .debug_ranges  0x00000868       0x20 build/obj/hal_lld.o
 .debug_ranges  0x00000888       0x58 build/obj/pal_lld.o
 .debug_ranges  0x000008e0       0x88 build/obj/serial_lld.o
 .debug_ranges  0x00000968      0x130 build/obj/ext_lld.o
 .debug_ranges  0x00000a98       0x38 build/obj/adc_lld.o
 .debug_ranges  0x00000ad0       0x18 build/obj/st_lld.o
 .debug_ranges  0x00000ae8       0x18 build/obj/board.o
 .debug_ranges  0x00000b00      0x3d0 build/obj/printf.o
 .debug_ranges  0x00000ed0       0x10 build/obj/FlashInit.o
 .debug_ranges  0x00000ee0       0x10 build/obj/FlashProgram.o
 .debug_ranges  0x00000ef0       0x10 build/obj/FlashProgramCheck.o
 .debug_ranges  0x00000f00       0x10 build/obj/FlashVerifySection.o
 .debug_ranges  0x00000f10       0x10 build/obj/FlashEraseSector.o
 .debug_ranges  0x00000f20       0x10 build/obj/FlashCommandSequence.o
 .debug_ranges  0x00000f30       0x10 build/obj/CopyToRam.o
 .debug_ranges  0x00000f40       0xd8 build/obj/__aeabi.o
 .debug_ranges  0x00001018       0x18 build/obj/arduino-irqs.o
 .debug_ranges  0x00001030       0x28 build/obj/arduino-time.o
 .debug_ranges  0x00001058      0x1a0 build/obj/arduino-io.o
 .debug_ranges  0x000011f8       0x20 build/obj/arduino-math.o

.debug_line     0x00000000     0x4a12
 .debug_line    0x00000000      0x38a build/obj/main.o
 .debug_line    0x0000038a      0x138 build/obj/orchard-vectors.o
 .debug_line    0x000004c2       0x2d build/obj/gitversion.o
 .debug_line    0x000004ef      0x19f build/obj/analog.o
 .debug_line    0x0000068e      0x25a build/obj/demod.o
 .debug_line    0x000008e8       0xab build/obj/murmur3.o
 .debug_line    0x00000993      0x29d build/obj/updater.o
 .debug_line    0x00000c30      0x14a build/obj/mac.o
 .debug_line    0x00000d7a      0x283 build/obj/flash.o
 .debug_line    0x00000ffd       0xca build/obj/crt1.o
 .debug_line    0x000010c7       0x8c build/obj/vectors.o
 .debug_line    0x00001153      0x153 build/obj/nilcore_v6m.o
 .debug_line    0x000012a6      0x7ad build/obj/nil.o
 .debug_line    0x00001a53      0x1d7 build/obj/hal.o
 .debug_line    0x00001c2a      0x14e build/obj/st.o
 .debug_line    0x00001d78      0x3af build/obj/hal_queues.o
 .debug_line    0x00002127      0x2c8 build/obj/adc.o
 .debug_line    0x000023ef      0x25e build/obj/ext.o
 .debug_line    0x0000264d      0x3bd build/obj/serial.o
 .debug_line    0x00002a0a      0x121 build/obj/osal.o
 .debug_line    0x00002b2b      0x158 build/obj/nvic.o
 .debug_line    0x00002c83      0x16e build/obj/hal_lld.o
 .debug_line    0x00002df1      0x20f build/obj/pal_lld.o
 .debug_line    0x00003000      0x314 build/obj/serial_lld.o
 .debug_line    0x00003314      0x2c8 build/obj/ext_lld.o
 .debug_line    0x000035dc      0x25b build/obj/adc_lld.o
 .debug_line    0x00003837      0x1a6 build/obj/st_lld.o
 .debug_line    0x000039dd      0x16a build/obj/board.o
 .debug_line    0x00003b47      0x37a build/obj/printf.o
 .debug_line    0x00003ec1       0x94 build/obj/FlashInit.o
 .debug_line    0x00003f55       0xe0 build/obj/FlashProgram.o
 .debug_line    0x00004035       0xe2 build/obj/FlashProgramCheck.o
 .debug_line    0x00004117       0xc1 build/obj/FlashVerifySection.o
 .debug_line    0x000041d8       0xe1 build/obj/FlashEraseSector.o
 .debug_line    0x000042b9       0xaa build/obj/FlashCommandSequence.o
 .debug_line    0x00004363       0xbc build/obj/CopyToRam.o
 .debug_line    0x0000441f      0x252 build/obj/__aeabi.o
 .debug_line    0x00004671       0x46 build/obj/syscalls.o
 .debug_line    0x000046b7       0x5a build/obj/arduino-irqs.o
 .debug_line    0x00004711       0x83 build/obj/arduino-time.o
 .debug_line    0x00004794      0x221 build/obj/arduino-io.o
 .debug_line    0x000049b5       0x5d build/obj/arduino-math.o

.debug_str      0x00000000     0x2b39
 .debug_str     0x00000000      0xaa3 build/obj/main.o
                                0xb4f (size before relaxing)
 .debug_str     0x00000aa3       0xad build/obj/orchard-vectors.o
                                0x378 (size before relaxing)
 .debug_str     0x00000b50        0xd build/obj/gitversion.o
                                0x144 (size before relaxing)
 .debug_str     0x00000b5d       0x45 build/obj/analog.o
                                0x541 (size before relaxing)
 .debug_str     0x00000ba2      0x10f build/obj/demod.o
                                0x418 (size before relaxing)
 .debug_str     0x00000cb1       0x4d build/obj/murmur3.o
                                0x1fc (size before relaxing)
 .debug_str     0x00000cfe      0x206 build/obj/updater.o
                                0x58d (size before relaxing)
 .debug_str     0x00000f04       0x7e build/obj/mac.o
                                0x370 (size before relaxing)
 .debug_str     0x00000f82      0x216 build/obj/flash.o
                                0x56d (size before relaxing)
 .debug_str     0x00001198       0xeb build/obj/crt1.o
                                0x2af (size before relaxing)
 .debug_str     0x00001283      0x154 build/obj/vectors.o
                                0x2fe (size before relaxing)
 .debug_str     0x000013d7       0xae build/obj/nilcore_v6m.o
                                0x3a4 (size before relaxing)
 .debug_str     0x00001485      0x21e build/obj/nil.o
                                0x837 (size before relaxing)
 .debug_str     0x000016a3       0xac build/obj/hal.o
                                0x3aa (size before relaxing)
 .debug_str     0x0000174f       0x95 build/obj/st.o
                                0x37d (size before relaxing)
 .debug_str     0x000017e4      0x111 build/obj/hal_queues.o
                                0x4cc (size before relaxing)
 .debug_str     0x000018f5       0xbc build/obj/adc.o
                                0x5f1 (size before relaxing)
 .debug_str     0x000019b1      0x159 build/obj/ext.o
                                0x4ac (size before relaxing)
 .debug_str     0x00001b0a       0xde build/obj/serial.o
                                0x611 (size before relaxing)
 .debug_str     0x00001be8       0x1a build/obj/osal.o
                                0x331 (size before relaxing)
 .debug_str     0x00001c02       0x69 build/obj/nvic.o
                                0x3d5 (size before relaxing)
 .debug_str     0x00001c6b      0x126 build/obj/hal_lld.o
                                0x430 (size before relaxing)
 .debug_str     0x00001d91       0x88 build/obj/pal_lld.o
                                0x4e0 (size before relaxing)
 .debug_str     0x00001e19       0xa8 build/obj/serial_lld.o
                                0x88e (size before relaxing)
 .debug_str     0x00001ec1       0xb4 build/obj/ext_lld.o
                                0x695 (size before relaxing)
 .debug_str     0x00001f75       0x64 build/obj/adc_lld.o
                                0x84f (size before relaxing)
 .debug_str     0x00001fd9       0x4b build/obj/st_lld.o
                                0x40d (size before relaxing)
 .debug_str     0x00002024       0x30 build/obj/board.o
                                0x399 (size before relaxing)
 .debug_str     0x00002054       0x90 build/obj/printf.o
                                0x263 (size before relaxing)
 .debug_str     0x000020e4       0x2c build/obj/FlashInit.o
                                0x285 (size before relaxing)
 .debug_str     0x00002110       0x4e build/obj/FlashProgram.o
                                0x2dd (size before relaxing)
 .debug_str     0x0000215e       0x58 build/obj/FlashProgramCheck.o
                                0x310 (size before relaxing)
 .debug_str     0x000021b6       0x2a build/obj/FlashVerifySection.o
                                0x2fa (size before relaxing)
 .debug_str     0x000021e0       0x33 build/obj/FlashEraseSector.o
                                0x2ea (size before relaxing)
 .debug_str     0x00002213       0x2c build/obj/FlashCommandSequence.o
                                0x2b1 (size before relaxing)
 .debug_str     0x0000223f       0x3c build/obj/CopyToRam.o
                                0x22d (size before relaxing)
 .debug_str     0x0000227b      0x25f build/obj/__aeabi.o
                                0x3e4 (size before relaxing)
 .debug_str     0x000024da      0x2f2 build/obj/syscalls.o
                                0x395 (size before relaxing)
 .debug_str     0x000027cc       0x84 build/obj/arduino-irqs.o
                                0x228 (size before relaxing)
 .debug_str     0x00002850       0x7a build/obj/arduino-time.o
                                0x21d (size before relaxing)
 .debug_str     0x000028ca      0x206 build/obj/arduino-io.o
                                0x3fc (size before relaxing)
 .debug_str     0x00002ad0       0x69 build/obj/arduino-math.o
                                0x220 (size before relaxing)

.debug_frame    0x00000000     0x19c4
 .debug_frame   0x00000000       0xa4 build/obj/main.o
 .debug_frame   0x000000a4       0x6c build/obj/orchard-vectors.o
 .debug_frame   0x00000110       0x4c build/obj/analog.o
 .debug_frame   0x0000015c       0x94 build/obj/demod.o
 .debug_frame   0x000001f0       0x40 build/obj/murmur3.o
 .debug_frame   0x00000230       0x78 build/obj/updater.o
 .debug_frame   0x000002a8       0x30 build/obj/mac.o
 .debug_frame   0x000002d8       0xb8 build/obj/flash.o
 .debug_frame   0x00000390       0x70 build/obj/crt1.o
 .debug_frame   0x00000400       0x20 build/obj/vectors.o
 .debug_frame   0x00000420       0x30 build/obj/nilcore_v6m.o
 .debug_frame   0x00000450      0x260 build/obj/nil.o
 .debug_frame   0x000006b0       0x2c build/obj/hal.o
 .debug_frame   0x000006dc       0x6c build/obj/st.o
 .debug_frame   0x00000748      0x158 build/obj/hal_queues.o
 .debug_frame   0x000008a0       0xe4 build/obj/adc.o
 .debug_frame   0x00000984       0xcc build/obj/ext.o
 .debug_frame   0x00000a50      0x1c4 build/obj/serial.o
 .debug_frame   0x00000c14       0x54 build/obj/osal.o
 .debug_frame   0x00000c68       0x50 build/obj/nvic.o
 .debug_frame   0x00000cb8       0x4c build/obj/hal_lld.o
 .debug_frame   0x00000d04       0x9c build/obj/pal_lld.o
 .debug_frame   0x00000da0       0xa8 build/obj/serial_lld.o
 .debug_frame   0x00000e48      0x108 build/obj/ext_lld.o
 .debug_frame   0x00000f50       0xb8 build/obj/adc_lld.o
 .debug_frame   0x00001008       0x48 build/obj/st_lld.o
 .debug_frame   0x00001050       0x3c build/obj/board.o
 .debug_frame   0x0000108c       0xa8 build/obj/printf.o
 .debug_frame   0x00001134       0x20 build/obj/FlashInit.o
 .debug_frame   0x00001154       0x40 build/obj/FlashProgram.o
 .debug_frame   0x00001194       0x44 build/obj/FlashProgramCheck.o
 .debug_frame   0x000011d8       0x38 build/obj/FlashVerifySection.o
 .debug_frame   0x00001210       0x40 build/obj/FlashEraseSector.o
 .debug_frame   0x00001250       0x30 build/obj/FlashCommandSequence.o
 .debug_frame   0x00001280       0x2c build/obj/CopyToRam.o
 .debug_frame   0x000012ac      0x2e8 build/obj/__aeabi.o
 .debug_frame   0x00001594       0x30 build/obj/arduino-irqs.o
 .debug_frame   0x000015c4       0x50 build/obj/arduino-time.o
 .debug_frame   0x00001614       0xd0 build/obj/arduino-io.o
 .debug_frame   0x000016e4       0x40 build/obj/arduino-math.o
 .debug_frame   0x00001724       0x20 lib/armv6-m-libgcc.a(_udivsi3.o)
 .debug_frame   0x00001744       0x20 lib/armv6-m-libgcc.a(_divsi3.o)
 .debug_frame   0x00001764       0x34 lib/armv6-m-libgcc.a(_muldi3.o)
 .debug_frame   0x00001798       0x20 lib/armv6-m-libgcc.a(_popcountsi2.o)
 .debug_frame   0x000017b8       0x50 lib/armv6-m-libgcc.a(bpabi.o)
 .debug_frame   0x00001808       0x38 lib/armv6-m-libgcc.a(eqdf2.o)
 .debug_frame   0x00001840       0x38 lib/armv6-m-libgcc.a(gedf2.o)
 .debug_frame   0x00001878       0x38 lib/armv6-m-libgcc.a(ledf2.o)
 .debug_frame   0x000018b0       0x3c lib/armv6-m-libgcc.a(_divdi3.o)
 .debug_frame   0x000018ec       0x3c lib/armv6-m-libgcc.a(_udivdi3.o)
 .debug_frame   0x00001928       0x2c lib/libc-nano-armv6-m.a(lib_a-memcmp.o)
 .debug_frame   0x00001954       0x28 lib/libc-nano-armv6-m.a(lib_a-memcpy.o)
 .debug_frame   0x0000197c       0x28 lib/libc-nano-armv6-m.a(lib_a-memmove.o)
 .debug_frame   0x000019a4       0x20 lib/libc-nano-armv6-m.a(lib_a-memset.o)

Cross Reference Table

Symbol                                            File
ADCD1                                             build/obj/adc_lld.o
                                                  build/obj/analog.o
                                                  build/obj/main.o
BusFault_Handler                                  build/obj/orchard-vectors.o
DebugMon_Handler                                  build/obj/vectors.o
EXTD1                                             build/obj/ext_lld.o
FSK_core                                          build/obj/demod.o
FSKdemod                                          build/obj/demod.o
                                                  build/obj/main.o
FlashCheckSum                                     build/obj/FlashCheckSum.o
FlashCommandSequence                              build/obj/FlashCommandSequence.o
                                                  build/obj/flash.o
FlashEraseAllBlock                                build/obj/FlashEraseAllBlock.o
FlashEraseResume                                  build/obj/FlashEraseResume.o
FlashEraseSector                                  build/obj/FlashEraseSector.o
                                                  build/obj/flash.o
FlashEraseSuspend                                 build/obj/FlashEraseSuspend.o
FlashGetSecurityState                             build/obj/FlashGetSecurityState.o
                                                  build/obj/flash.o
FlashInit                                         build/obj/FlashInit.o
                                                  build/obj/flash.o
FlashProgram                                      build/obj/FlashProgram.o
                                                  build/obj/flash.o
FlashProgramCheck                                 build/obj/FlashProgramCheck.o
                                                  build/obj/flash.o
FlashProgramOnce                                  build/obj/FlashProgramOnce.o
FlashReadOnce                                     build/obj/FlashReadOnce.o
FlashReadResource                                 build/obj/FlashReadResource.o
FlashSecurityBypass                               build/obj/FlashSecurityBypass.o
FlashVerifyAllBlock                               build/obj/FlashVerifyAllBlock.o
FlashVerifySection                                build/obj/FlashVerifySection.o
                                                  build/obj/flash.o
HARDFAULT_PSP                                     build/obj/orchard-vectors.o
HardFault_Handler                                 build/obj/orchard-vectors.o
MemManage_Handler                                 build/obj/orchard-vectors.o
MurmurHash3_x86_32                                build/obj/murmur3.o
                                                  build/obj/updater.o
NMI_Handler                                       build/obj/nilcore_v6m.o
                                                  build/obj/vectors.o
PFlashGetProtection                               build/obj/PFlashGetProtection.o
PFlashSetProtection                               build/obj/PFlashSetProtection.o
PendSV_Handler                                    build/obj/vectors.o
RelocateFunction                                  build/obj/CopyToRam.o
                                                  build/obj/flash.o
Reset_Handler                                     build/obj/crt0_v6m.o
                                                  build/obj/vectors.o
Run_App                                           build/obj/run_app.o
                                                  build/obj/updater.o
SD1                                               build/obj/serial_lld.o
                                                  build/obj/main.o
SVC_Handler                                       build/obj/svc_handler.o
SysCall_Table                                     build/obj/syscalls.o
                                                  build/obj/svc_handler.o
SysTick_Handler                                   build/obj/st_lld.o
                                                  build/obj/vectors.o
UsageFault_Handler                                build/obj/orchard-vectors.o
Vector1C                                          build/obj/vectors.o
Vector20                                          build/obj/vectors.o
Vector24                                          build/obj/vectors.o
Vector28                                          build/obj/vectors.o
Vector34                                          build/obj/vectors.o
Vector40                                          build/obj/vectors.o
Vector44                                          build/obj/vectors.o
Vector48                                          build/obj/vectors.o
Vector4C                                          build/obj/vectors.o
Vector50                                          build/obj/vectors.o
Vector54                                          build/obj/vectors.o
Vector58                                          build/obj/vectors.o
Vector5C                                          build/obj/vectors.o
Vector60                                          build/obj/vectors.o
Vector64                                          build/obj/vectors.o
Vector68                                          build/obj/vectors.o
Vector6C                                          build/obj/vectors.o
Vector70                                          build/obj/serial_lld.o
                                                  build/obj/vectors.o
Vector74                                          build/obj/vectors.o
Vector78                                          build/obj/vectors.o
Vector7C                                          build/obj/adc_lld.o
                                                  build/obj/vectors.o
Vector80                                          build/obj/vectors.o
Vector84                                          build/obj/vectors.o
Vector88                                          build/obj/vectors.o
Vector8C                                          build/obj/vectors.o
Vector90                                          build/obj/vectors.o
Vector94                                          build/obj/vectors.o
Vector98                                          build/obj/vectors.o
Vector9C                                          build/obj/vectors.o
VectorA0                                          build/obj/vectors.o
VectorA4                                          build/obj/vectors.o
VectorA8                                          build/obj/vectors.o
VectorAC                                          build/obj/vectors.o
VectorB0                                          build/obj/vectors.o
VectorB4                                          build/obj/vectors.o
VectorB8                                          build/obj/ext_lld.o
                                                  build/obj/vectors.o
VectorBC                                          build/obj/ext_lld.o
                                                  build/obj/vectors.o
__aeabi_atexit                                    build/obj/__aeabi.o
__aeabi_atexit@@LIBC_N                            build/obj/__aeabi.o
__aeabi_atexit@LIBC_N                             build/obj/__aeabi.o
__aeabi_atexit@LIBC_PRIVATE                       build/obj/__aeabi.o
__aeabi_atexit_impl                               build/obj/__aeabi.o
__aeabi_atexit_impl2                              build/obj/__aeabi.o
__aeabi_cdcmpeq                                   lib/armv6-m-libgcc.a(_arm_cmpdf2.o)
                                                  build/obj/syscalls.o
__aeabi_cdcmple                                   lib/armv6-m-libgcc.a(_arm_cmpdf2.o)
                                                  build/obj/syscalls.o
__aeabi_cdrcmple                                  lib/armv6-m-libgcc.a(_arm_cmpdf2.o)
                                                  build/obj/syscalls.o
__aeabi_dcmpeq                                    lib/armv6-m-libgcc.a(_arm_cmpdf2.o)
__aeabi_dcmpge                                    lib/armv6-m-libgcc.a(_arm_cmpdf2.o)
__aeabi_dcmpgt                                    lib/armv6-m-libgcc.a(_arm_cmpdf2.o)
__aeabi_dcmple                                    lib/armv6-m-libgcc.a(_arm_cmpdf2.o)
__aeabi_dcmplt                                    lib/armv6-m-libgcc.a(_arm_cmpdf2.o)
__aeabi_idiv                                      lib/armv6-m-libgcc.a(_divsi3.o)
                                                  build/obj/syscalls.o
__aeabi_idiv0                                     lib/armv6-m-libgcc.a(_dvmd_tls.o)
                                                  lib/armv6-m-libgcc.a(_divsi3.o)
                                                  lib/armv6-m-libgcc.a(_udivsi3.o)
__aeabi_idivmod                                   lib/armv6-m-libgcc.a(_divsi3.o)
                                                  build/obj/syscalls.o
__aeabi_lasr                                      lib/armv6-m-libgcc.a(_ashrdi3.o)
                                                  build/obj/syscalls.o
__aeabi_ldiv0                                     lib/armv6-m-libgcc.a(_dvmd_tls.o)
                                                  lib/armv6-m-libgcc.a(_aeabi_uldivmod.o)
                                                  lib/armv6-m-libgcc.a(_aeabi_ldivmod.o)
__aeabi_ldivmod                                   lib/armv6-m-libgcc.a(_aeabi_ldivmod.o)
                                                  build/obj/syscalls.o
__aeabi_llsl                                      lib/armv6-m-libgcc.a(_ashldi3.o)